Archive member included to satisfy reference by file (symbol)

d:/online_emb_diploma/installations/xpack-arm-none-eabi-gcc-10.2.1-1.1-win32-x64/xpack-arm-none-eabi-gcc-10.2.1-1.1/bin/../lib/gcc/arm-none-eabi/10.2.1/thumb/v7e-m+fp/hard\libgcc.a(_arm_truncdfsf2.o)
                              ./HAL/gps.o (__aeabi_d2f)
d:/online_emb_diploma/installations/xpack-arm-none-eabi-gcc-10.2.1-1.1-win32-x64/xpack-arm-none-eabi-gcc-10.2.1-1.1/bin/../lib/gcc/arm-none-eabi/10.2.1/../../../../arm-none-eabi/lib/thumb/v7e-m+fp/hard\libg.a(lib_a-atof.o)
                              ./HAL/gps.o (atof)
d:/online_emb_diploma/installations/xpack-arm-none-eabi-gcc-10.2.1-1.1-win32-x64/xpack-arm-none-eabi-gcc-10.2.1-1.1/bin/../lib/gcc/arm-none-eabi/10.2.1/../../../../arm-none-eabi/lib/thumb/v7e-m+fp/hard\libg.a(lib_a-exit.o)
                              d:/online_emb_diploma/installations/xpack-arm-none-eabi-gcc-10.2.1-1.1-win32-x64/xpack-arm-none-eabi-gcc-10.2.1-1.1/bin/../lib/gcc/arm-none-eabi/10.2.1/../../../../arm-none-eabi/lib/thumb/v7e-m+fp/hard/crt0.o (exit)
d:/online_emb_diploma/installations/xpack-arm-none-eabi-gcc-10.2.1-1.1-win32-x64/xpack-arm-none-eabi-gcc-10.2.1-1.1/bin/../lib/gcc/arm-none-eabi/10.2.1/../../../../arm-none-eabi/lib/thumb/v7e-m+fp/hard\libg.a(lib_a-impure.o)
                              d:/online_emb_diploma/installations/xpack-arm-none-eabi-gcc-10.2.1-1.1-win32-x64/xpack-arm-none-eabi-gcc-10.2.1-1.1/bin/../lib/gcc/arm-none-eabi/10.2.1/../../../../arm-none-eabi/lib/thumb/v7e-m+fp/hard\libg.a(lib_a-exit.o) (_global_impure_ptr)
d:/online_emb_diploma/installations/xpack-arm-none-eabi-gcc-10.2.1-1.1-win32-x64/xpack-arm-none-eabi-gcc-10.2.1-1.1/bin/../lib/gcc/arm-none-eabi/10.2.1/../../../../arm-none-eabi/lib/thumb/v7e-m+fp/hard\libg.a(lib_a-init.o)
                              d:/online_emb_diploma/installations/xpack-arm-none-eabi-gcc-10.2.1-1.1-win32-x64/xpack-arm-none-eabi-gcc-10.2.1-1.1/bin/../lib/gcc/arm-none-eabi/10.2.1/../../../../arm-none-eabi/lib/thumb/v7e-m+fp/hard/crt0.o (__libc_init_array)
d:/online_emb_diploma/installations/xpack-arm-none-eabi-gcc-10.2.1-1.1-win32-x64/xpack-arm-none-eabi-gcc-10.2.1-1.1/bin/../lib/gcc/arm-none-eabi/10.2.1/../../../../arm-none-eabi/lib/thumb/v7e-m+fp/hard\libg.a(lib_a-memcpy.o)
                              ./FreeRTOS/Source/queue.o (memcpy)
d:/online_emb_diploma/installations/xpack-arm-none-eabi-gcc-10.2.1-1.1-win32-x64/xpack-arm-none-eabi-gcc-10.2.1-1.1/bin/../lib/gcc/arm-none-eabi/10.2.1/../../../../arm-none-eabi/lib/thumb/v7e-m+fp/hard\libg.a(lib_a-memset.o)
                              d:/online_emb_diploma/installations/xpack-arm-none-eabi-gcc-10.2.1-1.1-win32-x64/xpack-arm-none-eabi-gcc-10.2.1-1.1/bin/../lib/gcc/arm-none-eabi/10.2.1/../../../../arm-none-eabi/lib/thumb/v7e-m+fp/hard/crt0.o (memset)
d:/online_emb_diploma/installations/xpack-arm-none-eabi-gcc-10.2.1-1.1-win32-x64/xpack-arm-none-eabi-gcc-10.2.1-1.1/bin/../lib/gcc/arm-none-eabi/10.2.1/../../../../arm-none-eabi/lib/thumb/v7e-m+fp/hard\libg.a(lib_a-strcat.o)
                              ./SIM800.o (strcat)
d:/online_emb_diploma/installations/xpack-arm-none-eabi-gcc-10.2.1-1.1-win32-x64/xpack-arm-none-eabi-gcc-10.2.1-1.1/bin/../lib/gcc/arm-none-eabi/10.2.1/../../../../arm-none-eabi/lib/thumb/v7e-m+fp/hard\libg.a(lib_a-strcpy.o)
                              ./SIM800.o (strcpy)
d:/online_emb_diploma/installations/xpack-arm-none-eabi-gcc-10.2.1-1.1-win32-x64/xpack-arm-none-eabi-gcc-10.2.1-1.1/bin/../lib/gcc/arm-none-eabi/10.2.1/../../../../arm-none-eabi/lib/thumb/v7e-m+fp/hard\libg.a(lib_a-strlen.o)
                              ./SIM800.o (strlen)
d:/online_emb_diploma/installations/xpack-arm-none-eabi-gcc-10.2.1-1.1-win32-x64/xpack-arm-none-eabi-gcc-10.2.1-1.1/bin/../lib/gcc/arm-none-eabi/10.2.1/../../../../arm-none-eabi/lib/thumb/v7e-m+fp/hard\libg.a(lib_a-strstr.o)
                              ./SIM800.o (strstr)
d:/online_emb_diploma/installations/xpack-arm-none-eabi-gcc-10.2.1-1.1-win32-x64/xpack-arm-none-eabi-gcc-10.2.1-1.1/bin/../lib/gcc/arm-none-eabi/10.2.1/../../../../arm-none-eabi/lib/thumb/v7e-m+fp/hard\libg.a(lib_a-strtod.o)
                              d:/online_emb_diploma/installations/xpack-arm-none-eabi-gcc-10.2.1-1.1-win32-x64/xpack-arm-none-eabi-gcc-10.2.1-1.1/bin/../lib/gcc/arm-none-eabi/10.2.1/../../../../arm-none-eabi/lib/thumb/v7e-m+fp/hard\libg.a(lib_a-atof.o) (strtod)
d:/online_emb_diploma/installations/xpack-arm-none-eabi-gcc-10.2.1-1.1-win32-x64/xpack-arm-none-eabi-gcc-10.2.1-1.1/bin/../lib/gcc/arm-none-eabi/10.2.1/../../../../arm-none-eabi/lib/thumb/v7e-m+fp/hard\libg.a(lib_a-strtok.o)
                              ./HAL/gps.o (strtok)
d:/online_emb_diploma/installations/xpack-arm-none-eabi-gcc-10.2.1-1.1-win32-x64/xpack-arm-none-eabi-gcc-10.2.1-1.1/bin/../lib/gcc/arm-none-eabi/10.2.1/../../../../arm-none-eabi/lib/thumb/v7e-m+fp/hard\libg.a(lib_a-strtok_r.o)
[...]
Memory Configuration

Name             Origin             Length             Attributes
FLASH            0x0000000000000000 0x0000000000040000 xr
SRAM             0x0000000020000000 0x0000000000008000 xw
*default*        0x0000000000000000 0xffffffffffffffff

Linker script and memory map

LOAD d:/online_emb_diploma/installations/xpack-arm-none-eabi-gcc-10.2.1-1.1-win32-x64/xpack-arm-none-eabi-gcc-10.2.1-1.1/bin/../lib/gcc/arm-none-eabi/10.2.1/thumb/v7e-m+fp/hard/crti.o
LOAD d:/online_emb_diploma/installations/xpack-arm-none-eabi-gcc-10.2.1-1.1-win32-x64/xpack-arm-none-eabi-gcc-10.2.1-1.1/bin/../lib/gcc/arm-none-eabi/10.2.1/thumb/v7e-m+fp/hard/crtbegin.o
LOAD d:/online_emb_diploma/installations/xpack-arm-none-eabi-gcc-10.2.1-1.1-win32-x64/xpack-arm-none-eabi-gcc-10.2.1-1.1/bin/../lib/gcc/arm-none-eabi/10.2.1/../../../../arm-none-eabi/lib/thumb/v7e-m+fp/hard/crt0.o
LOAD ./SIM800.o
LOAD ./main.o
LOAD ./main1.o
LOAD ./tm4c123gh6pm_startup_ccs_gcc.o
LOAD ./FreeRTOS/Source/croutine.o
LOAD ./FreeRTOS/Source/event_groups.o
LOAD ./FreeRTOS/Source/list.o
LOAD ./FreeRTOS/Source/queue.o
LOAD ./FreeRTOS/Source/stream_buffer.o
LOAD ./FreeRTOS/Source/tasks.o
LOAD ./FreeRTOS/Source/timers.o
LOAD ./FreeRTOS/Source/portable/GCC/ARM_CM4F/port.o
LOAD ./FreeRTOS/Source/portable/MemMang/heap_4.o
LOAD ./HAL/gps.o
LOAD ./HAL/gsm_hw.o
LOAD ./driverlib/cpu.o
LOAD ./driverlib/gpio.o
LOAD ./driverlib/interrupt.o
LOAD ./driverlib/sysctl.o
LOAD ./driverlib/uart.o
LOAD ./driverlib/udma.o
                0x0000000000000000                PROVIDE (_intvecs_base_address = 0x0)

.intvecs        0x0000000000000000      0x26c
 *(.intvecs)
 .intvecs       0x0000000000000000      0x26c ./tm4c123gh6pm_startup_ccs_gcc.o
                0x0000000000000000                g_pfnVectors
                0x0000000020000000                PROVIDE (_vtable_base_address = 0x20000000)

.vtable
 *(.vtable)

.text           0x0000000000000280     0xbee4
 CREATE_OBJECT_SYMBOLS
 *(.text)
 .text          0x0000000000000280       0xa0 d:/online_emb_diploma/installations/xpack-arm-none-eabi-gcc-10.2.1-1.1-win32-x64/xpack-arm-none-eabi-gcc-10.2.1-1.1/bin/../lib/gcc/arm-none-eabi/10.2.1/thumb/v7e-m+fp/hard\libgcc.a(_arm_truncdfsf2.o)
                0x0000000000000280                __truncdfsf2
                0x0000000000000280                __aeabi_d2f
 .text          0x0000000000000320      0x134 d:/online_emb_diploma/installations/xpack-arm-none-eabi-gcc-10.2.1-1.1-win32-x64/xpack-arm-none-eabi-gcc-10.2.1-1.1/bin/../lib/gcc/arm-none-eabi/10.2.1/../../../../arm-none-eabi/lib/thumb/v7e-m+fp/hard\libg.a(lib_a-memcpy.o)
                0x0000000000000320                memcpy
 *fill*         0x0000000000000454       0x2c 
 .text          0x0000000000000480       0xdc d:/online_emb_diploma/installations/xpack-arm-none-eabi-gcc-10.2.1-1.1-win32-x64/xpack-arm-none-eabi-gcc-10.2.1-1.1/bin/../lib/gcc/arm-none-eabi/10.2.1/../../../../arm-none-eabi/lib/thumb/v7e-m+fp/hard\libg.a(lib_a-strlen.o)
                0x0000000000000480                strlen
 *fill*         0x000000000000055c        0x4 
 .text          0x0000000000000560       0xa0 d:/online_emb_diploma/installations/xpack-arm-none-eabi-gcc-10.2.1-1.1-win32-x64/xpack-arm-none-eabi-gcc-10.2.1-1.1/bin/../lib/gcc/arm-none-eabi/10.2.1/../../../../arm-none-eabi/lib/thumb/v7e-m+fp/hard\libg.a(lib_a-memchr.o)
                0x0000000000000560                memchr
 .text          0x0000000000000600      0x378 d:/online_emb_diploma/installations/xpack-arm-none-eabi-gcc-10.2.1-1.1-win32-x64/xpack-arm-none-eabi-gcc-10.2.1-1.1/bin/../lib/gcc/arm-none-eabi/10.2.1/thumb/v7e-m+fp/hard\libgcc.a(_arm_addsubdf3.o)
                0x0000000000000600                __aeabi_drsub
                0x0000000000000608                __aeabi_dsub
                0x0000000000000608                __subdf3
                0x000000000000060c                __aeabi_dadd
                0x000000000000060c                __adddf3
                0x0000000000000884                __floatunsidf
                0x0000000000000884                __aeabi_ui2d
                0x00000000000008a4                __floatsidf
                0x00000000000008a4                __aeabi_i2d
                0x00000000000008c8                __aeabi_f2d
                0x00000000000008c8                __extendsfdf2
                0x000000000000090c                __floatundidf
                0x000000000000090c                __aeabi_ul2d
                0x000000000000091c                __floatdidf
                0x000000000000091c                __aeabi_l2d
 .text          0x0000000000000978      0x424 d:/online_emb_diploma/installations/xpack-arm-none-eabi-gcc-10.2.1-1.1-win32-x64/xpack-arm-none-eabi-gcc-10.2.1-1.1/bin/../lib/gcc/arm-none-eabi/10.2.1/thumb/v7e-m+fp/hard\libgcc.a(_arm_muldivdf3.o)
                0x0000000000000978                __aeabi_dmul
                0x0000000000000978                __muldf3
                0x0000000000000bcc                __divdf3
                0x0000000000000bcc                __aeabi_ddiv
 .text          0x0000000000000d9c      0x110 d:/online_emb_diploma/installations/xpack-arm-none-eabi-gcc-10.2.1-1.1-win32-x64/xpack-arm-none-eabi-gcc-10.2.1-1.1/bin/../lib/gcc/arm-none-eabi/10.2.1/thumb/v7e-m+fp/hard\libgcc.a(_arm_cmpdf2.o)
                0x0000000000000d9c                __gtdf2
                0x0000000000000d9c                __gedf2
                0x0000000000000da4                __ltdf2
                0x0000000000000da4                __ledf2
                0x0000000000000dac                __nedf2
                0x0000000000000dac                __eqdf2
                0x0000000000000dac                __cmpdf2
                0x0000000000000e28                __aeabi_cdrcmple
                0x0000000000000e38                __aeabi_cdcmpeq
                0x0000000000000e38                __aeabi_cdcmple
                0x0000000000000e48                __aeabi_dcmpeq
                0x0000000000000e5c                __aeabi_dcmplt
                0x0000000000000e70                __aeabi_dcmple
                0x0000000000000e84                __aeabi_dcmpge
                0x0000000000000e98                __aeabi_dcmpgt
 .text          0x0000000000000eac       0x40 d:/online_emb_diploma/installations/xpack-arm-none-eabi-gcc-10.2.1-1.1-win32-x64/xpack-arm-none-eabi-gcc-10.2.1-1.1/bin/../lib/gcc/arm-none-eabi/10.2.1/thumb/v7e-m+fp/hard\libgcc.a(_arm_fixunsdfsi.o)
                0x0000000000000eac                __aeabi_d2uiz
                0x0000000000000eac                __fixunsdfsi
 .text          0x0000000000000eec       0x30 d:/online_emb_diploma/installations/xpack-arm-none-eabi-gcc-10.2.1-1.1-win32-x64/xpack-arm-none-eabi-gcc-10.2.1-1.1/bin/../lib/gcc/arm-none-eabi/10.2.1/thumb/v7e-m+fp/hard\libgcc.a(_aeabi_uldivmod.o)
                0x0000000000000eec                __aeabi_uldivmod
 .text          0x0000000000000f1c      0x1ac d:/online_emb_diploma/installations/xpack-arm-none-eabi-gcc-10.2.1-1.1-win32-x64/xpack-arm-none-eabi-gcc-10.2.1-1.1/bin/../lib/gcc/arm-none-eabi/10.2.1/thumb/v7e-m+fp/hard\libgcc.a(libunwind.o)
                0x0000000000000f1c                __restore_core_regs
                0x0000000000000f1c                restore_core_regs
                0x0000000000000f34                __gnu_Unwind_Restore_VFP
                0x0000000000000f3c                __gnu_Unwind_Save_VFP
                0x0000000000000f44                __gnu_Unwind_Restore_VFP_D
                0x0000000000000f4c                __gnu_Unwind_Save_VFP_D
                0x0000000000000f54                __gnu_Unwind_Restore_VFP_D_16_to_31
                0x0000000000000f5c                __gnu_Unwind_Save_VFP_D_16_to_31
                0x0000000000000f64                __gnu_Unwind_Restore_WMMXD
                0x0000000000000fa8                __gnu_Unwind_Save_WMMXD
                0x0000000000000fec                __gnu_Unwind_Restore_WMMXC
                0x0000000000001000                __gnu_Unwind_Save_WMMXC
                0x0000000000001014                ___Unwind_RaiseException
                0x0000000000001014                _Unwind_RaiseException
                0x0000000000001038                _Unwind_Resume
                0x0000000000001038                ___Unwind_Resume
                0x000000000000105c                _Unwind_Resume_or_Rethrow
                0x000000000000105c                ___Unwind_Resume_or_Rethrow
                0x0000000000001080                _Unwind_ForcedUnwind
                0x0000000000001080                ___Unwind_ForcedUnwind
                0x00000000000010a4                ___Unwind_Backtrace
                0x00000000000010a4                _Unwind_Backtrace
 .text          0x00000000000010c8        0x4 d:/online_emb_diploma/installations/xpack-arm-none-eabi-gcc-10.2.1-1.1-win32-x64/xpack-arm-none-eabi-gcc-10.2.1-1.1/bin/../lib/gcc/arm-none-eabi/10.2.1/thumb/v7e-m+fp/hard\libgcc.a(_dvmd_tls.o)
                0x00000000000010c8                __aeabi_idiv0
                0x00000000000010c8                __aeabi_ldiv0
 *(.text.*)
 .text.frame_dummy
                0x00000000000010cc       0x1c d:/online_emb_diploma/installations/xpack-arm-none-eabi-gcc-10.2.1-1.1-win32-x64/xpack-arm-none-eabi-gcc-10.2.1-1.1/bin/../lib/gcc/arm-none-eabi/10.2.1/thumb/v7e-m+fp/hard/crtbegin.o
 .text.Sim800SetNetConnectivity
                0x00000000000010e8       0x54 ./SIM800.o
                0x00000000000010e8                Sim800SetNetConnectivity
 .text.Sim800PrepareLink
                0x000000000000113c       0x9c ./SIM800.o
                0x000000000000113c                Sim800PrepareLink
 .text.Sim800SendCommand
                0x00000000000011d8       0x9c ./SIM800.o
 .text.GSMTimerCallback
                0x0000000000001274       0x20 ./main.o
                0x0000000000001274                GSMTimerCallback
 .text.GPSSetFlag
                0x0000000000001294       0x20 ./main.o
                0x0000000000001294                GPSSetFlag
 .text.sim800recieve
                0x00000000000012b4       0x20 ./main.o
                0x00000000000012b4                sim800recieve
 .text.main     0x00000000000012d4      0x1ac ./main.o
                0x00000000000012d4                main
 .text.GPSParse
                0x0000000000001480       0x94 ./main.o
                0x0000000000001480                GPSParse
 .text.GPSRead  0x0000000000001514       0x4c ./main.o
                0x0000000000001514                GPSRead
 .text.GPSProcessData
                0x0000000000001560      0x12c ./main.o
                0x0000000000001560                GPSProcessData
 .text.SetTimerRate
                0x000000000000168c       0xe4 ./main.o
                0x000000000000168c                SetTimerRate
 .text.GSMCheckConnection
                0x0000000000001770       0xe4 ./main.o
                0x0000000000001770                GSMCheckConnection
 .text.GSMSendSequence
                0x0000000000001854      0x100 ./main.o
                0x0000000000001854                GSMSendSequence
 .text.ResetISR
                0x0000000000001954       0x6c ./tm4c123gh6pm_startup_ccs_gcc.o
                0x0000000000001954                ResetISR
 .text.NmiSR    0x00000000000019c0        0x6 ./tm4c123gh6pm_startup_ccs_gcc.o
 .text.FaultISR
                0x00000000000019c6        0x6 ./tm4c123gh6pm_startup_ccs_gcc.o
 .text.IntDefaultHandler
                0x00000000000019cc        0x6 ./tm4c123gh6pm_startup_ccs_gcc.o
 .text.xEventGroupCreate
                0x00000000000019d2       0x2e ./FreeRTOS/Source/event_groups.o
                0x00000000000019d2                xEventGroupCreate
 .text.xEventGroupWaitBits
                0x0000000000001a00      0x19c ./FreeRTOS/Source/event_groups.o
                0x0000000000001a00                xEventGroupWaitBits
 .text.xEventGroupSetBits
                0x0000000000001b9c      0x116 ./FreeRTOS/Source/event_groups.o
                0x0000000000001b9c                xEventGroupSetBits
 .text.vEventGroupSetBitsCallback
                0x0000000000001cb2       0x1a ./FreeRTOS/Source/event_groups.o
                0x0000000000001cb2                vEventGroupSetBitsCallback
 .text.prvTestWaitCondition
                0x0000000000001ccc       0x44 ./FreeRTOS/Source/event_groups.o
 .text.vListInitialise
                0x0000000000001d10       0x40 ./FreeRTOS/Source/list.o
                0x0000000000001d10                vListInitialise
 .text.vListInitialiseItem
                0x0000000000001d50       0x1a ./FreeRTOS/Source/list.o
                0x0000000000001d50                vListInitialiseItem
 .text.vListInsert
                0x0000000000001d6a       0x72 ./FreeRTOS/Source/list.o
                0x0000000000001d6a                vListInsert
 .text.uxListRemove
                0x0000000000001ddc       0x54 ./FreeRTOS/Source/list.o
                0x0000000000001ddc                uxListRemove
 .text.xQueueGenericReset
                0x0000000000001e30      0x104 ./FreeRTOS/Source/queue.o
                0x0000000000001e30                xQueueGenericReset
 .text.xQueueGenericCreate
                0x0000000000001f34       0x9c ./FreeRTOS/Source/queue.o
                0x0000000000001f34                xQueueGenericCreate
 .text.prvInitialiseNewQueue
                0x0000000000001fd0       0x3e ./FreeRTOS/Source/queue.o
 *fill*         0x000000000000200e        0x2 
 .text.xQueueGenericSend
                0x0000000000002010      0x1cc ./FreeRTOS/Source/queue.o
                0x0000000000002010                xQueueGenericSend
 .text.xQueueGenericSendFromISR
                0x00000000000021dc      0x164 ./FreeRTOS/Source/queue.o
                0x00000000000021dc                xQueueGenericSendFromISR
 .text.xQueueReceive
                0x0000000000002340      0x1a8 ./FreeRTOS/Source/queue.o
                0x0000000000002340                xQueueReceive
 .text.xQueueSemaphoreTake
                0x00000000000024e8      0x1e4 ./FreeRTOS/Source/queue.o
                0x00000000000024e8                xQueueSemaphoreTake
 .text.prvGetDisinheritPriorityAfterTimeout
                0x00000000000026cc       0x30 ./FreeRTOS/Source/queue.o
 .text.prvCopyDataToQueue
                0x00000000000026fc       0xd4 ./FreeRTOS/Source/queue.o
 .text.prvCopyDataFromQueue
                0x00000000000027d0       0x4c ./FreeRTOS/Source/queue.o
 .text.prvUnlockQueue
                0x000000000000281c       0xa4 ./FreeRTOS/Source/queue.o
 .text.prvIsQueueEmpty
                0x00000000000028c0       0x2c ./FreeRTOS/Source/queue.o
 .text.prvIsQueueFull
                0x00000000000028ec       0x30 ./FreeRTOS/Source/queue.o
 .text.vQueueWaitForMessageRestricted
                0x000000000000291c       0x68 ./FreeRTOS/Source/queue.o
                0x000000000000291c                vQueueWaitForMessageRestricted
 .text.xTaskCreate
                0x0000000000002984       0x8c ./FreeRTOS/Source/tasks.o
                0x0000000000002984                xTaskCreate
 .text.prvInitialiseNewTask
                0x0000000000002a10      0x10c ./FreeRTOS/Source/tasks.o
 .text.prvAddNewTaskToReadyList
                0x0000000000002b1c      0x108 ./FreeRTOS/Source/tasks.o
 .text.vTaskStartScheduler
                0x0000000000002c24       0xa4 ./FreeRTOS/Source/tasks.o
                0x0000000000002c24                vTaskStartScheduler
 .text.vTaskSuspendAll
                0x0000000000002cc8       0x1c ./FreeRTOS/Source/tasks.o
                0x0000000000002cc8                vTaskSuspendAll
 .text.xTaskResumeAll
                0x0000000000002ce4      0x1dc ./FreeRTOS/Source/tasks.o
                0x0000000000002ce4                xTaskResumeAll
 .text.xTaskGetTickCount
                0x0000000000002ec0       0x20 ./FreeRTOS/Source/tasks.o
                0x0000000000002ec0                xTaskGetTickCount
 .text.uxTaskGetNumberOfTasks
                0x0000000000002ee0       0x18 ./FreeRTOS/Source/tasks.o
                0x0000000000002ee0                uxTaskGetNumberOfTasks
 .text.xTaskIncrementTick
                0x0000000000002ef8      0x1e8 ./FreeRTOS/Source/tasks.o
                0x0000000000002ef8                xTaskIncrementTick
 .text.vTaskSwitchContext
                0x00000000000030e0       0xb8 ./FreeRTOS/Source/tasks.o
                0x00000000000030e0                vTaskSwitchContext
 .text.vTaskPlaceOnEventList
                0x0000000000003198       0x48 ./FreeRTOS/Source/tasks.o
                0x0000000000003198                vTaskPlaceOnEventList
 .text.vTaskPlaceOnUnorderedEventList
                0x00000000000031e0       0xac ./FreeRTOS/Source/tasks.o
                0x00000000000031e0                vTaskPlaceOnUnorderedEventList
 .text.vTaskPlaceOnEventListRestricted
                0x000000000000328c       0x8c ./FreeRTOS/Source/tasks.o
                0x000000000000328c                vTaskPlaceOnEventListRestricted
 .text.xTaskRemoveFromEventList
                0x0000000000003318      0x1ac ./FreeRTOS/Source/tasks.o
                0x0000000000003318                xTaskRemoveFromEventList
 .text.vTaskRemoveFromUnorderedEventList
                0x00000000000034c4      0x180 ./FreeRTOS/Source/tasks.o
                0x00000000000034c4                vTaskRemoveFromUnorderedEventList
 .text.vTaskInternalSetTimeOutState
                0x0000000000003644       0x2c ./FreeRTOS/Source/tasks.o
                0x0000000000003644                vTaskInternalSetTimeOutState
 .text.xTaskCheckForTimeOut
                0x0000000000003670       0xcc ./FreeRTOS/Source/tasks.o
                0x0000000000003670                xTaskCheckForTimeOut
 .text.vTaskMissedYield
                0x000000000000373c       0x18 ./FreeRTOS/Source/tasks.o
                0x000000000000373c                vTaskMissedYield
 .text.prvIdleTask
                0x0000000000003754       0x24 ./FreeRTOS/Source/tasks.o
 .text.prvInitialiseTaskLists
                0x0000000000003778       0x80 ./FreeRTOS/Source/tasks.o
 .text.prvCheckTasksWaitingTermination
                0x00000000000037f8       0x5c ./FreeRTOS/Source/tasks.o
 .text.prvDeleteTCB
                0x0000000000003854       0x20 ./FreeRTOS/Source/tasks.o
 .text.prvResetNextTaskUnblockTime
                0x0000000000003874       0x38 ./FreeRTOS/Source/tasks.o
 .text.xTaskGetSchedulerState
                0x00000000000038ac       0x3c ./FreeRTOS/Source/tasks.o
                0x00000000000038ac                xTaskGetSchedulerState
 .text.xTaskPriorityInherit
                0x00000000000038e8      0x13c ./FreeRTOS/Source/tasks.o
                0x00000000000038e8                xTaskPriorityInherit
 .text.xTaskPriorityDisinherit
                0x0000000000003a24      0x148 ./FreeRTOS/Source/tasks.o
                0x0000000000003a24                xTaskPriorityDisinherit
 .text.vTaskPriorityDisinheritAfterTimeout
                0x0000000000003b6c      0x170 ./FreeRTOS/Source/tasks.o
                0x0000000000003b6c                vTaskPriorityDisinheritAfterTimeout
 .text.uxTaskResetEventItemValue
                0x0000000000003cdc       0x30 ./FreeRTOS/Source/tasks.o
                0x0000000000003cdc                uxTaskResetEventItemValue
 .text.pvTaskIncrementMutexHeldCount
                0x0000000000003d0c       0x28 ./FreeRTOS/Source/tasks.o
                0x0000000000003d0c                pvTaskIncrementMutexHeldCount
 .text.prvAddCurrentTaskToDelayedList
                0x0000000000003d34      0x100 ./FreeRTOS/Source/tasks.o
 .text.xTimerCreateTimerTask
                0x0000000000003e34       0x64 ./FreeRTOS/Source/timers.o
                0x0000000000003e34                xTimerCreateTimerTask
 .text.xTimerCreate
                0x0000000000003e98       0x42 ./FreeRTOS/Source/timers.o
                0x0000000000003e98                xTimerCreate
 .text.prvInitialiseNewTimer
                0x0000000000003eda       0x70 ./FreeRTOS/Source/timers.o
 *fill*         0x0000000000003f4a        0x2 
 .text.xTimerGenericCommand
                0x0000000000003f4c       0x9c ./FreeRTOS/Source/timers.o
                0x0000000000003f4c                xTimerGenericCommand
 .text.prvReloadTimer
                0x0000000000003fe8       0x42 ./FreeRTOS/Source/timers.o
 *fill*         0x000000000000402a        0x2 
 .text.prvProcessExpiredTimer
                0x000000000000402c       0x60 ./FreeRTOS/Source/timers.o
 .text.prvTimerTask
                0x000000000000408c       0x24 ./FreeRTOS/Source/timers.o
 .text.prvProcessTimerOrBlockTask
                0x00000000000040b0       0x9c ./FreeRTOS/Source/timers.o
 .text.prvGetNextExpireTime
                0x000000000000414c       0x48 ./FreeRTOS/Source/timers.o
 .text.prvSampleTimeNow
                0x0000000000004194       0x40 ./FreeRTOS/Source/timers.o
 .text.prvInsertTimerInActiveList
                0x00000000000041d4       0x84 ./FreeRTOS/Source/timers.o
 .text.prvProcessReceivedCommands
                0x0000000000004258      0x1b4 ./FreeRTOS/Source/timers.o
 .text.prvSwitchTimerLists
                0x000000000000440c       0x4c ./FreeRTOS/Source/timers.o
 .text.prvCheckForValidListAndQueue
                0x0000000000004458       0x54 ./FreeRTOS/Source/timers.o
 .text.xTimerPendFunctionCallFromISR
                0x00000000000044ac       0x40 ./FreeRTOS/Source/timers.o
                0x00000000000044ac                xTimerPendFunctionCallFromISR
 .text.pxPortInitialiseStack
                0x00000000000044ec       0x68 ./FreeRTOS/Source/portable/GCC/ARM_CM4F/port.o
                0x00000000000044ec                pxPortInitialiseStack
 .text.prvTaskExitError
                0x0000000000004554       0x58 ./FreeRTOS/Source/portable/GCC/ARM_CM4F/port.o
 *fill*         0x00000000000045ac        0x4 
 .text.SVC_Handler
                0x00000000000045b0       0x28 ./FreeRTOS/Source/portable/GCC/ARM_CM4F/port.o
                0x00000000000045b0                SVC_Handler
 .text.prvPortStartFirstTask
                0x00000000000045d8       0x2c ./FreeRTOS/Source/portable/GCC/ARM_CM4F/port.o
 .text.xPortStartScheduler
                0x0000000000004604      0x144 ./FreeRTOS/Source/portable/GCC/ARM_CM4F/port.o
                0x0000000000004604                xPortStartScheduler
 .text.vPortEnterCritical
                0x0000000000004748       0x60 ./FreeRTOS/Source/portable/GCC/ARM_CM4F/port.o
                0x0000000000004748                vPortEnterCritical
 .text.vPortExitCritical
                0x00000000000047a8       0x54 ./FreeRTOS/Source/portable/GCC/ARM_CM4F/port.o
                0x00000000000047a8                vPortExitCritical
 *fill*         0x00000000000047fc        0x4 
 .text.PendSV_Handler
                0x0000000000004800       0x68 ./FreeRTOS/Source/portable/GCC/ARM_CM4F/port.o
                0x0000000000004800                PendSV_Handler
 .text.SysTick_Handler
                0x0000000000004868       0x44 ./FreeRTOS/Source/portable/GCC/ARM_CM4F/port.o
                0x0000000000004868                SysTick_Handler
 .text.vPortSetupTimerInterrupt
                0x00000000000048ac       0x34 ./FreeRTOS/Source/portable/GCC/ARM_CM4F/port.o
                0x00000000000048ac                vPortSetupTimerInterrupt
 .text.vPortEnableVFP
                0x00000000000048e0       0x18 ./FreeRTOS/Source/portable/GCC/ARM_CM4F/port.o
 .text.vPortValidateInterruptPriority
                0x00000000000048f8       0x80 ./FreeRTOS/Source/portable/GCC/ARM_CM4F/port.o
                0x00000000000048f8                vPortValidateInterruptPriority
 .text.pvPortMalloc
                0x0000000000004978      0x174 ./FreeRTOS/Source/portable/MemMang/heap_4.o
                0x0000000000004978                pvPortMalloc
 .text.vPortFree
                0x0000000000004aec       0xb8 ./FreeRTOS/Source/portable/MemMang/heap_4.o
                0x0000000000004aec                vPortFree
 .text.prvHeapInit
                0x0000000000004ba4       0xb8 ./FreeRTOS/Source/portable/MemMang/heap_4.o
 .text.prvInsertBlockIntoFreeList
                0x0000000000004c5c       0xb4 ./FreeRTOS/Source/portable/MemMang/heap_4.o
 .text.GPSInit  0x0000000000004d10       0x14 ./HAL/gps.o
                0x0000000000004d10                GPSInit
 .text.GPSSetReceptionCallBack
                0x0000000000004d24       0x20 ./HAL/gps.o
                0x0000000000004d24                GPSSetReceptionCallBack
 .text.GPSDMAInit
                0x0000000000004d44       0x40 ./HAL/gps.o
 .text.GPSUARTInit
                0x0000000000004d84       0x2c ./HAL/gps.o
 .text.GPSGetRawData
                0x0000000000004db0       0x2c ./HAL/gps.o
                0x0000000000004db0                GPSGetRawData
 .text.GPSInitPortPinsAndClock
                0x0000000000004ddc       0x44 ./HAL/gps.o
 .text.GPSParseRawData
                0x0000000000004e20      0x184 ./HAL/gps.o
                0x0000000000004e20                GPSParseRawData
 .text.GPSDetectUTurn
                0x0000000000004fa4       0xc8 ./HAL/gps.o
                0x0000000000004fa4                GPSDetectUTurn
 .text.GSMInit  0x000000000000506c       0x14 ./HAL/gsm_hw.o
                0x000000000000506c                GSMInit
 .text.GSMSetReceptionCallBack
                0x0000000000005080       0x20 ./HAL/gsm_hw.o
                0x0000000000005080                GSMSetReceptionCallBack
 .text.GSMReceiveResponse
                0x00000000000050a0       0x2c ./HAL/gsm_hw.o
                0x00000000000050a0                GSMReceiveResponse
 .text.GSMSend  0x00000000000050cc       0x2c ./HAL/gsm_hw.o
                0x00000000000050cc                GSMSend
 .text.GSMDMAInit
                0x00000000000050f8       0x58 ./HAL/gsm_hw.o
 .text.GSMUARTInit
                0x0000000000005150       0x2c ./HAL/gsm_hw.o
 .text.GSMInitPortPinsAndClock
                0x000000000000517c       0x5c ./HAL/gsm_hw.o
 .text.GPIODirModeSet
                0x00000000000051d8       0x76 ./driverlib/gpio.o
                0x00000000000051d8                GPIODirModeSet
 .text.GPIOPadConfigSet
                0x000000000000524e      0x2a4 ./driverlib/gpio.o
                0x000000000000524e                GPIOPadConfigSet
 .text.GPIOPinTypeUART
                0x00000000000054f2       0x2c ./driverlib/gpio.o
                0x00000000000054f2                GPIOPinTypeUART
 *fill*         0x000000000000551e        0x2 
 .text.GPIOPinConfigure
                0x0000000000005520       0x84 ./driverlib/gpio.o
                0x0000000000005520                GPIOPinConfigure
 .text.IntPrioritySet
                0x00000000000055a4       0x68 ./driverlib/interrupt.o
                0x00000000000055a4                IntPrioritySet
 .text.IntEnable
                0x000000000000560c       0x94 ./driverlib/interrupt.o
                0x000000000000560c                IntEnable
 .text.SysCtlPeripheralEnable
                0x00000000000056a0       0x50 ./driverlib/sysctl.o
                0x00000000000056a0                SysCtlPeripheralEnable
 .text.UART1_ISR
                0x00000000000056f0       0x44 ./driverlib/uart.o
                0x00000000000056f0                UART1_ISR
 .text.UART0_ISR
                0x0000000000005734       0x10 ./driverlib/uart.o
                0x0000000000005734                UART0_ISR
 .text.UART2_ISR
                0x0000000000005744       0x70 ./driverlib/uart.o
                0x0000000000005744                UART2_ISR
 .text.UARTConfigSetExpClk
                0x00000000000057b4       0x92 ./driverlib/uart.o
                0x00000000000057b4                UARTConfigSetExpClk
 .text.UARTEnable
                0x0000000000005846       0x38 ./driverlib/uart.o
                0x0000000000005846                UARTEnable
 .text.UARTDisable
                0x000000000000587e       0x48 ./driverlib/uart.o
                0x000000000000587e                UARTDisable
 .text.UARTDMAEnable
                0x00000000000058c6       0x28 ./driverlib/uart.o
                0x00000000000058c6                UARTDMAEnable
 *fill*         0x00000000000058ee        0x2 
 .text.uDMAEnable
                0x00000000000058f0       0x18 ./driverlib/udma.o
                0x00000000000058f0                uDMAEnable
 .text.uDMAChannelEnable
                0x0000000000005908       0x28 ./driverlib/udma.o
                0x0000000000005908                uDMAChannelEnable
 .text.uDMAControlBaseSet
                0x0000000000005930       0x20 ./driverlib/udma.o
                0x0000000000005930                uDMAControlBaseSet
 .text.uDMAChannelAttributeEnable
                0x0000000000005950       0x80 ./driverlib/udma.o
                0x0000000000005950                uDMAChannelAttributeEnable
 .text.uDMAChannelControlSet
                0x00000000000059d0       0x48 ./driverlib/udma.o
                0x00000000000059d0                uDMAChannelControlSet
 .text.uDMAChannelTransferSet
                0x0000000000005a18      0x104 ./driverlib/udma.o
                0x0000000000005a18                uDMAChannelTransferSet
 .text.uDMAChannelAssign
                0x0000000000005b1c       0x58 ./driverlib/udma.o
                0x0000000000005b1c                uDMAChannelAssign
 .text.atof     0x0000000000005b74        0x8 d:/online_emb_diploma/installations/xpack-arm-none-eabi-gcc-10.2.1-1.1-win32-x64/xpack-arm-none-eabi-gcc-10.2.1-1.1/bin/../lib/gcc/arm-none-eabi/10.2.1/../../../../arm-none-eabi/lib/thumb/v7e-m+fp/hard\libg.a(lib_a-atof.o)
                0x0000000000005b74                atof
 .text.memset   0x0000000000005b7c       0xa4 d:/online_emb_diploma/installations/xpack-arm-none-eabi-gcc-10.2.1-1.1-win32-x64/xpack-arm-none-eabi-gcc-10.2.1-1.1/bin/../lib/gcc/arm-none-eabi/10.2.1/../../../../arm-none-eabi/lib/thumb/v7e-m+fp/hard\libg.a(lib_a-memset.o)
                0x0000000000005b7c                memset
 .text.strcat   0x0000000000005c20       0x40 d:/online_emb_diploma/installations/xpack-arm-none-eabi-gcc-10.2.1-1.1-win32-x64/xpack-arm-none-eabi-gcc-10.2.1-1.1/bin/../lib/gcc/arm-none-eabi/10.2.1/../../../../arm-none-eabi/lib/thumb/v7e-m+fp/hard\libg.a(lib_a-strcat.o)
                0x0000000000005c20                strcat
 .text.strcpy   0x0000000000005c60       0xbc d:/online_emb_diploma/installations/xpack-arm-none-eabi-gcc-10.2.1-1.1-win32-x64/xpack-arm-none-eabi-gcc-10.2.1-1.1/bin/../lib/gcc/arm-none-eabi/10.2.1/../../../../arm-none-eabi/lib/thumb/v7e-m+fp/hard\libg.a(lib_a-strcpy.o)
                0x0000000000005c60                strcpy
 .text.two_way_long_needle
                0x0000000000005d1c      0x2b4 d:/online_emb_diploma/installations/xpack-arm-none-eabi-gcc-10.2.1-1.1-win32-x64/xpack-arm-none-eabi-gcc-10.2.1-1.1/bin/../lib/gcc/arm-none-eabi/10.2.1/../../../../arm-none-eabi/lib/thumb/v7e-m+fp/hard\libg.a(lib_a-strstr.o)
 .text.strstr   0x0000000000005fd0      0x164 d:/online_emb_diploma/installations/xpack-arm-none-eabi-gcc-10.2.1-1.1-win32-x64/xpack-arm-none-eabi-gcc-10.2.1-1.1/bin/../lib/gcc/arm-none-eabi/10.2.1/../../../../arm-none-eabi/lib/thumb/v7e-m+fp/hard\libg.a(lib_a-strstr.o)
                0x0000000000005fd0                strstr
 *fill*         0x0000000000006134        0x4 
 .text._strtod_l
                0x0000000000006138      0xf50 d:/online_emb_diploma/installations/xpack-arm-none-eabi-gcc-10.2.1-1.1-win32-x64/xpack-arm-none-eabi-gcc-10.2.1-1.1/bin/../lib/gcc/arm-none-eabi/10.2.1/../../../../arm-none-eabi/lib/thumb/v7e-m+fp/hard\libg.a(lib_a-strtod.o)
                0x0000000000006138                _strtod_l
 .text.strtod   0x0000000000007088       0x20 d:/online_emb_diploma/installations/xpack-arm-none-eabi-gcc-10.2.1-1.1-win32-x64/xpack-arm-none-eabi-gcc-10.2.1-1.1/bin/../lib/gcc/arm-none-eabi/10.2.1/../../../../arm-none-eabi/lib/thumb/v7e-m+fp/hard\libg.a(lib_a-strtod.o)
                0x0000000000007088                strtod
 .text.strtok   0x00000000000070a8       0x10 d:/online_emb_diploma/installations/xpack-arm-none-eabi-gcc-10.2.1-1.1-win32-x64/xpack-arm-none-eabi-gcc-10.2.1-1.1/bin/../lib/gcc/arm-none-eabi/10.2.1/../../../../arm-none-eabi/lib/thumb/v7e-m+fp/hard\libg.a(lib_a-strtok.o)
                0x00000000000070a8                strtok
 .text.__strtok_r
                0x00000000000070b8       0x64 d:/online_emb_diploma/installations/xpack-arm-none-eabi-gcc-10.2.1-1.1-win32-x64/xpack-arm-none-eabi-gcc-10.2.1-1.1/bin/../lib/gcc/arm-none-eabi/10.2.1/../../../../arm-none-eabi/lib/thumb/v7e-m+fp/hard\libg.a(lib_a-strtok_r.o)
                0x00000000000070b8                __strtok_r
 .text.startup.register_fini
                0x000000000000711c       0x14 d:/online_emb_diploma/installations/xpack-arm-none-eabi-gcc-10.2.1-1.1-win32-x64/xpack-arm-none-eabi-gcc-10.2.1-1.1/bin/../lib/gcc/arm-none-eabi/10.2.1/../../../../arm-none-eabi/lib/thumb/v7e-m+fp/hard\libg.a(lib_a-__call_atexit.o)
 .text.__libc_fini_array
                0x0000000000007130       0x2c d:/online_emb_diploma/installations/xpack-arm-none-eabi-gcc-10.2.1-1.1-win32-x64/xpack-arm-none-eabi-gcc-10.2.1-1.1/bin/../lib/gcc/arm-none-eabi/10.2.1/../../../../arm-none-eabi/lib/thumb/v7e-m+fp/hard\libg.a(lib_a-fini.o)
                0x0000000000007130                __libc_fini_array
 .text.rshift   0x000000000000715c       0xa4 d:/online_emb_diploma/installations/xpack-arm-none-eabi-gcc-10.2.1-1.1-win32-x64/xpack-arm-none-eabi-gcc-10.2.1-1.1/bin/../lib/gcc/arm-none-eabi/10.2.1/../../../../arm-none-eabi/lib/thumb/v7e-m+fp/hard\libg.a(lib_a-gdtoa-gethex.o)
 .text.__gethex
                0x0000000000007200      0x5dc d:/online_emb_diploma/installations/xpack-arm-none-eabi-gcc-10.2.1-1.1-win32-x64/xpack-arm-none-eabi-gcc-10.2.1-1.1/bin/../lib/gcc/arm-none-eabi/10.2.1/../../../../arm-none-eabi/lib/thumb/v7e-m+fp/hard\libg.a(lib_a-gdtoa-gethex.o)
                0x0000000000007200                __gethex
 .text.__match  0x00000000000077dc       0x38 d:/online_emb_diploma/installations/xpack-arm-none-eabi-gcc-10.2.1-1.1-win32-x64/xpack-arm-none-eabi-gcc-10.2.1-1.1/bin/../lib/gcc/arm-none-eabi/10.2.1/../../../../arm-none-eabi/lib/thumb/v7e-m+fp/hard\libg.a(lib_a-gdtoa-hexnan.o)
                0x00000000000077dc                __match
 .text.__hexnan
                0x0000000000007814      0x1ac d:/online_emb_diploma/installations/xpack-arm-none-eabi-gcc-10.2.1-1.1-win32-x64/xpack-arm-none-eabi-gcc-10.2.1-1.1/bin/../lib/gcc/arm-none-eabi/10.2.1/../../../../arm-none-eabi/lib/thumb/v7e-m+fp/hard\libg.a(lib_a-gdtoa-hexnan.o)
                0x0000000000007814                __hexnan
 .text.__locale_mb_cur_max
                0x00000000000079c0        0xc d:/online_emb_diploma/installations/xpack-arm-none-eabi-gcc-10.2.1-1.1-win32-x64/xpack-arm-none-eabi-gcc-10.2.1-1.1/bin/../lib/gcc/arm-none-eabi/10.2.1/../../../../arm-none-eabi/lib/thumb/v7e-m+fp/hard\libg.a(lib_a-locale.o)
                0x00000000000079c0                __locale_mb_cur_max
 .text.__retarget_lock_init_recursive
                0x00000000000079cc        0x4 d:/online_emb_diploma/installations/xpack-arm-none-eabi-gcc-10.2.1-1.1-win32-x64/xpack-arm-none-eabi-gcc-10.2.1-1.1/bin/../lib/gcc/arm-none-eabi/10.2.1/../../../../arm-none-eabi/lib/thumb/v7e-m+fp/hard\libg.a(lib_a-lock.o)
                0x00000000000079cc                __retarget_lock_init_recursive
 .text.__retarget_lock_close_recursive
                0x00000000000079d0        0x4 d:/online_emb_diploma/installations/xpack-arm-none-eabi-gcc-10.2.1-1.1-win32-x64/xpack-arm-none-eabi-gcc-10.2.1-1.1/bin/../lib/gcc/arm-none-eabi/10.2.1/../../../../arm-none-eabi/lib/thumb/v7e-m+fp/hard\libg.a(lib_a-lock.o)
                0x00000000000079d0                __retarget_lock_close_recursive
 .text.__retarget_lock_acquire_recursive
                0x00000000000079d4        0x4 d:/online_emb_diploma/installations/xpack-arm-none-eabi-gcc-10.2.1-1.1-win32-x64/xpack-arm-none-eabi-gcc-10.2.1-1.1/bin/../lib/gcc/arm-none-eabi/10.2.1/../../../../arm-none-eabi/lib/thumb/v7e-m+fp/hard\libg.a(lib_a-lock.o)
                0x00000000000079d4                __retarget_lock_acquire_recursive
 .text.__retarget_lock_release_recursive
                0x00000000000079d8        0x4 d:/online_emb_diploma/installations/xpack-arm-none-eabi-gcc-10.2.1-1.1-win32-x64/xpack-arm-none-eabi-gcc-10.2.1-1.1/bin/../lib/gcc/arm-none-eabi/10.2.1/../../../../arm-none-eabi/lib/thumb/v7e-m+fp/hard\libg.a(lib_a-lock.o)
                0x00000000000079d8                __retarget_lock_release_recursive
 .text.__ascii_mbtowc
                0x00000000000079dc       0x2c d:/online_emb_diploma/installations/xpack-arm-none-eabi-gcc-10.2.1-1.1-win32-x64/xpack-arm-none-eabi-gcc-10.2.1-1.1/bin/../lib/gcc/arm-none-eabi/10.2.1/../../../../arm-none-eabi/lib/thumb/v7e-m+fp/hard\libg.a(lib_a-mbtowc_r.o)
                0x00000000000079dc                __ascii_mbtowc
 .text.memcmp   0x0000000000007a08       0x64 d:/online_emb_diploma/installations/xpack-arm-none-eabi-gcc-10.2.1-1.1-win32-x64/xpack-arm-none-eabi-gcc-10.2.1-1.1/bin/../lib/gcc/arm-none-eabi/10.2.1/../../../../arm-none-eabi/lib/thumb/v7e-m+fp/hard\libg.a(lib_a-memcmp.o)
                0x0000000000007a08                memcmp
 .text._Balloc  0x0000000000007a6c       0x4c d:/online_emb_diploma/installations/xpack-arm-none-eabi-gcc-10.2.1-1.1-win32-x64/xpack-arm-none-eabi-gcc-10.2.1-1.1/bin/../lib/gcc/arm-none-eabi/10.2.1/../../../../arm-none-eabi/lib/thumb/v7e-m+fp/hard\libg.a(lib_a-mprec.o)
                0x0000000000007a6c                _Balloc
 .text._Bfree   0x0000000000007ab8       0x14 d:/online_emb_diploma/installations/xpack-arm-none-eabi-gcc-10.2.1-1.1-win32-x64/xpack-arm-none-eabi-gcc-10.2.1-1.1/bin/../lib/gcc/arm-none-eabi/10.2.1/../../../../arm-none-eabi/lib/thumb/v7e-m+fp/hard\libg.a(lib_a-mprec.o)
                0x0000000000007ab8                _Bfree
 .text.__multadd
                0x0000000000007acc       0xa8 d:/online_emb_diploma/installations/xpack-arm-none-eabi-gcc-10.2.1-1.1-win32-x64/xpack-arm-none-eabi-gcc-10.2.1-1.1/bin/../lib/gcc/arm-none-eabi/10.2.1/../../../../arm-none-eabi/lib/thumb/v7e-m+fp/hard\libg.a(lib_a-mprec.o)
                0x0000000000007acc                __multadd
 .text.__s2b    0x0000000000007b74       0xb4 d:/online_emb_diploma/installations/xpack-arm-none-eabi-gcc-10.2.1-1.1-win32-x64/xpack-arm-none-eabi-gcc-10.2.1-1.1/bin/../lib/gcc/arm-none-eabi/10.2.1/../../../../arm-none-eabi/lib/thumb/v7e-m+fp/hard\libg.a(lib_a-mprec.o)
                0x0000000000007b74                __s2b
 .text.__hi0bits
                0x0000000000007c28       0x40 d:/online_emb_diploma/installations/xpack-arm-none-eabi-gcc-10.2.1-1.1-win32-x64/xpack-arm-none-eabi-gcc-10.2.1-1.1/bin/../lib/gcc/arm-none-eabi/10.2.1/../../../../arm-none-eabi/lib/thumb/v7e-m+fp/hard\libg.a(lib_a-mprec.o)
                0x0000000000007c28                __hi0bits
 .text.__lo0bits
                0x0000000000007c68       0x60 d:/online_emb_diploma/installations/xpack-arm-none-eabi-gcc-10.2.1-1.1-win32-x64/xpack-arm-none-eabi-gcc-10.2.1-1.1/bin/../lib/gcc/arm-none-eabi/10.2.1/../../../../arm-none-eabi/lib/thumb/v7e-m+fp/hard\libg.a(lib_a-mprec.o)
                0x0000000000007c68                __lo0bits
 .text.__i2b    0x0000000000007cc8       0x5c d:/online_emb_diploma/installations/xpack-arm-none-eabi-gcc-10.2.1-1.1-win32-x64/xpack-arm-none-eabi-gcc-10.2.1-1.1/bin/../lib/gcc/arm-none-eabi/10.2.1/../../../../arm-none-eabi/lib/thumb/v7e-m+fp/hard\libg.a(lib_a-mprec.o)
                0x0000000000007cc8                __i2b
 .text.__multiply
                0x0000000000007d24      0x158 d:/online_emb_diploma/installations/xpack-arm-none-eabi-gcc-10.2.1-1.1-win32-x64/xpack-arm-none-eabi-gcc-10.2.1-1.1/bin/../lib/gcc/arm-none-eabi/10.2.1/../../../../arm-none-eabi/lib/thumb/v7e-m+fp/hard\libg.a(lib_a-mprec.o)
                0x0000000000007d24                __multiply
 .text.__pow5mult
                0x0000000000007e7c       0xc0 d:/online_emb_diploma/installations/xpack-arm-none-eabi-gcc-10.2.1-1.1-win32-x64/xpack-arm-none-eabi-gcc-10.2.1-1.1/bin/../lib/gcc/arm-none-eabi/10.2.1/../../../../arm-none-eabi/lib/thumb/v7e-m+fp/hard\libg.a(lib_a-mprec.o)
                0x0000000000007e7c                __pow5mult
 .text.__lshift
                0x0000000000007f3c       0xf0 d:/online_emb_diploma/installations/xpack-arm-none-eabi-gcc-10.2.1-1.1-win32-x64/xpack-arm-none-eabi-gcc-10.2.1-1.1/bin/../lib/gcc/arm-none-eabi/10.2.1/../../../../arm-none-eabi/lib/thumb/v7e-m+fp/hard\libg.a(lib_a-mprec.o)
                0x0000000000007f3c                __lshift
 .text.__mcmp   0x000000000000802c       0x44 d:/online_emb_diploma/installations/xpack-arm-none-eabi-gcc-10.2.1-1.1-win32-x64/xpack-arm-none-eabi-gcc-10.2.1-1.1/bin/../lib/gcc/arm-none-eabi/10.2.1/../../../../arm-none-eabi/lib/thumb/v7e-m+fp/hard\libg.a(lib_a-mprec.o)
                0x000000000000802c                __mcmp
 .text.__mdiff  0x0000000000008070      0x14c d:/online_emb_diploma/installations/xpack-arm-none-eabi-gcc-10.2.1-1.1-win32-x64/xpack-arm-none-eabi-gcc-10.2.1-1.1/bin/../lib/gcc/arm-none-eabi/10.2.1/../../../../arm-none-eabi/lib/thumb/v7e-m+fp/hard\libg.a(lib_a-mprec.o)
                0x0000000000008070                __mdiff
 .text.__ulp    0x00000000000081bc       0x60 d:/online_emb_diploma/installations/xpack-arm-none-eabi-gcc-10.2.1-1.1-win32-x64/xpack-arm-none-eabi-gcc-10.2.1-1.1/bin/../lib/gcc/arm-none-eabi/10.2.1/../../../../arm-none-eabi/lib/thumb/v7e-m+fp/hard\libg.a(lib_a-mprec.o)
                0x00000000000081bc                __ulp
 .text.__b2d    0x000000000000821c       0xc0 d:/online_emb_diploma/installations/xpack-arm-none-eabi-gcc-10.2.1-1.1-win32-x64/xpack-arm-none-eabi-gcc-10.2.1-1.1/bin/../lib/gcc/arm-none-eabi/10.2.1/../../../../arm-none-eabi/lib/thumb/v7e-m+fp/hard\libg.a(lib_a-mprec.o)
                0x000000000000821c                __b2d
 .text.__d2b    0x00000000000082dc       0xd0 d:/online_emb_diploma/installations/xpack-arm-none-eabi-gcc-10.2.1-1.1-win32-x64/xpack-arm-none-eabi-gcc-10.2.1-1.1/bin/../lib/gcc/arm-none-eabi/10.2.1/../../../../arm-none-eabi/lib/thumb/v7e-m+fp/hard\libg.a(lib_a-mprec.o)
                0x00000000000082dc                __d2b
 .text.__ratio  0x00000000000083ac       0x5c d:/online_emb_diploma/installations/xpack-arm-none-eabi-gcc-10.2.1-1.1-win32-x64/xpack-arm-none-eabi-gcc-10.2.1-1.1/bin/../lib/gcc/arm-none-eabi/10.2.1/../../../../arm-none-eabi/lib/thumb/v7e-m+fp/hard\libg.a(lib_a-mprec.o)
                0x00000000000083ac                __ratio
 .text.__copybits
                0x0000000000008408       0x5c d:/online_emb_diploma/installations/xpack-arm-none-eabi-gcc-10.2.1-1.1-win32-x64/xpack-arm-none-eabi-gcc-10.2.1-1.1/bin/../lib/gcc/arm-none-eabi/10.2.1/../../../../arm-none-eabi/lib/thumb/v7e-m+fp/hard\libg.a(lib_a-mprec.o)
                0x0000000000008408                __copybits
 .text.__any_on
                0x0000000000008464       0x64 d:/online_emb_diploma/installations/xpack-arm-none-eabi-gcc-10.2.1-1.1-win32-x64/xpack-arm-none-eabi-gcc-10.2.1-1.1/bin/../lib/gcc/arm-none-eabi/10.2.1/../../../../arm-none-eabi/lib/thumb/v7e-m+fp/hard\libg.a(lib_a-mprec.o)
                0x0000000000008464                __any_on
 .text.nan      0x00000000000084c8       0x10 d:/online_emb_diploma/installations/xpack-arm-none-eabi-gcc-10.2.1-1.1-win32-x64/xpack-arm-none-eabi-gcc-10.2.1-1.1/bin/../lib/gcc/arm-none-eabi/10.2.1/../../../../arm-none-eabi/lib/thumb/v7e-m+fp/hard\libg.a(lib_a-s_nan.o)
                0x00000000000084c8                nan
 .text.strchr   0x00000000000084d8       0xcc d:/online_emb_diploma/installations/xpack-arm-none-eabi-gcc-10.2.1-1.1-win32-x64/xpack-arm-none-eabi-gcc-10.2.1-1.1/bin/../lib/gcc/arm-none-eabi/10.2.1/../../../../arm-none-eabi/lib/thumb/v7e-m+fp/hard\libg.a(lib_a-strchr.o)
                0x00000000000084d8                strchr
 .text.strncmp  0x00000000000085a4       0x80 d:/online_emb_diploma/installations/xpack-arm-none-eabi-gcc-10.2.1-1.1-win32-x64/xpack-arm-none-eabi-gcc-10.2.1-1.1/bin/../lib/gcc/arm-none-eabi/10.2.1/../../../../arm-none-eabi/lib/thumb/v7e-m+fp/hard\libg.a(lib_a-strncmp.o)
                0x00000000000085a4                strncmp
 .text.strnlen  0x0000000000008624       0x24 d:/online_emb_diploma/installations/xpack-arm-none-eabi-gcc-10.2.1-1.1-win32-x64/xpack-arm-none-eabi-gcc-10.2.1-1.1/bin/../lib/gcc/arm-none-eabi/10.2.1/../../../../arm-none-eabi/lib/thumb/v7e-m+fp/hard\libg.a(lib_a-strnlen.o)
                0x0000000000008624                strnlen
 .text.__ascii_wctomb
                0x0000000000008648       0x1c d:/online_emb_diploma/installations/xpack-arm-none-eabi-gcc-10.2.1-1.1-win32-x64/xpack-arm-none-eabi-gcc-10.2.1-1.1/bin/../lib/gcc/arm-none-eabi/10.2.1/../../../../arm-none-eabi/lib/thumb/v7e-m+fp/hard\libg.a(lib_a-wctomb_r.o)
                0x0000000000008648                __ascii_wctomb
 .text.__assert_func
                0x0000000000008664       0x40 d:/online_emb_diploma/installations/xpack-arm-none-eabi-gcc-10.2.1-1.1-win32-x64/xpack-arm-none-eabi-gcc-10.2.1-1.1/bin/../lib/gcc/arm-none-eabi/10.2.1/../../../../arm-none-eabi/lib/thumb/v7e-m+fp/hard\libg.a(lib_a-assert.o)
                0x0000000000008664                __assert_func
 .text.atexit   0x00000000000086a4        0xc d:/online_emb_diploma/installations/xpack-arm-none-eabi-gcc-10.2.1-1.1-win32-x64/xpack-arm-none-eabi-gcc-10.2.1-1.1/bin/../lib/gcc/arm-none-eabi/10.2.1/../../../../arm-none-eabi/lib/thumb/v7e-m+fp/hard\libg.a(lib_a-atexit.o)
                0x00000000000086a4                atexit
 .text._calloc_r
                0x00000000000086b0       0x60 d:/online_emb_diploma/installations/xpack-arm-none-eabi-gcc-10.2.1-1.1-win32-x64/xpack-arm-none-eabi-gcc-10.2.1-1.1/bin/../lib/gcc/arm-none-eabi/10.2.1/../../../../arm-none-eabi/lib/thumb/v7e-m+fp/hard\libg.a(lib_a-callocr.o)
                0x00000000000086b0                _calloc_r
 .text.fiprintf
                0x0000000000008710       0x28 d:/online_emb_diploma/installations/xpack-arm-none-eabi-gcc-10.2.1-1.1-win32-x64/xpack-arm-none-eabi-gcc-10.2.1-1.1/bin/../lib/gcc/arm-none-eabi/10.2.1/../../../../arm-none-eabi/lib/thumb/v7e-m+fp/hard\libg.a(lib_a-fiprintf.o)
                0x0000000000008710                fiprintf
 .text._malloc_r
                0x0000000000008738      0x560 d:/online_emb_diploma/installations/xpack-arm-none-eabi-gcc-10.2.1-1.1-win32-x64/xpack-arm-none-eabi-gcc-10.2.1-1.1/bin/../lib/gcc/arm-none-eabi/10.2.1/../../../../arm-none-eabi/lib/thumb/v7e-m+fp/hard\libg.a(lib_a-mallocr.o)
                0x0000000000008738                _malloc_r
 .text.__malloc_lock
                0x0000000000008c98        0xc d:/online_emb_diploma/installations/xpack-arm-none-eabi-gcc-10.2.1-1.1-win32-x64/xpack-arm-none-eabi-gcc-10.2.1-1.1/bin/../lib/gcc/arm-none-eabi/10.2.1/../../../../arm-none-eabi/lib/thumb/v7e-m+fp/hard\libg.a(lib_a-mlock.o)
                0x0000000000008c98                __malloc_lock
 .text.__malloc_unlock
                0x0000000000008ca4        0xc d:/online_emb_diploma/installations/xpack-arm-none-eabi-gcc-10.2.1-1.1-win32-x64/xpack-arm-none-eabi-gcc-10.2.1-1.1/bin/../lib/gcc/arm-none-eabi/10.2.1/../../../../arm-none-eabi/lib/thumb/v7e-m+fp/hard\libg.a(lib_a-mlock.o)
                0x0000000000008ca4                __malloc_unlock
 .text._sbrk_r  0x0000000000008cb0       0x24 d:/online_emb_diploma/installations/xpack-arm-none-eabi-gcc-10.2.1-1.1-win32-x64/xpack-arm-none-eabi-gcc-10.2.1-1.1/bin/../lib/gcc/arm-none-eabi/10.2.1/../../../../arm-none-eabi/lib/thumb/v7e-m+fp/hard\libg.a(lib_a-sbrkr.o)
                0x0000000000008cb0                _sbrk_r
 .text.__sprint_r.part.0
                0x0000000000008cd4       0x78 d:/online_emb_diploma/installations/xpack-arm-none-eabi-gcc-10.2.1-1.1-win32-x64/xpack-arm-none-eabi-gcc-10.2.1-1.1/bin/../lib/gcc/arm-none-eabi/10.2.1/../../../../arm-none-eabi/lib/thumb/v7e-m+fp/hard\libg.a(lib_a-vfiprintf.o)
 .text._vfiprintf_r
                0x0000000000008d4c      0xdf4 d:/online_emb_diploma/installations/xpack-arm-none-eabi-gcc-10.2.1-1.1-win32-x64/xpack-arm-none-eabi-gcc-10.2.1-1.1/bin/../lib/gcc/arm-none-eabi/10.2.1/../../../../arm-none-eabi/lib/thumb/v7e-m+fp/hard\libg.a(lib_a-vfiprintf.o)
                0x0000000000008d4c                _vfiprintf_r
 .text.__sbprintf
                0x0000000000009b40       0x80 d:/online_emb_diploma/installations/xpack-arm-none-eabi-gcc-10.2.1-1.1-win32-x64/xpack-arm-none-eabi-gcc-10.2.1-1.1/bin/../lib/gcc/arm-none-eabi/10.2.1/../../../../arm-none-eabi/lib/thumb/v7e-m+fp/hard\libg.a(lib_a-vfiprintf.o)
 .text.__swsetup_r
                0x0000000000009bc0       0xd4 d:/online_emb_diploma/installations/xpack-arm-none-eabi-gcc-10.2.1-1.1-win32-x64/xpack-arm-none-eabi-gcc-10.2.1-1.1/bin/../lib/gcc/arm-none-eabi/10.2.1/../../../../arm-none-eabi/lib/thumb/v7e-m+fp/hard\libg.a(lib_a-wsetup.o)
                0x0000000000009bc0                __swsetup_r
 .text.abort    0x0000000000009c94       0x10 d:/online_emb_diploma/installations/xpack-arm-none-eabi-gcc-10.2.1-1.1-win32-x64/xpack-arm-none-eabi-gcc-10.2.1-1.1/bin/../lib/gcc/arm-none-eabi/10.2.1/../../../../arm-none-eabi/lib/thumb/v7e-m+fp/hard\libg.a(lib_a-abort.o)
                0x0000000000009c94                abort
 .text.__register_exitproc
                0x0000000000009ca4       0x8c d:/online_emb_diploma/installations/xpack-arm-none-eabi-gcc-10.2.1-1.1-win32-x64/xpack-arm-none-eabi-gcc-10.2.1-1.1/bin/../lib/gcc/arm-none-eabi/10.2.1/../../../../arm-none-eabi/lib/thumb/v7e-m+fp/hard\libg.a(lib_a-__atexit.o)
                0x0000000000009ca4                __register_exitproc
 .text.__sflush_r
                0x0000000000009d30      0x130 d:/online_emb_diploma/installations/xpack-arm-none-eabi-gcc-10.2.1-1.1-win32-x64/xpack-arm-none-eabi-gcc-10.2.1-1.1/bin/../lib/gcc/arm-none-eabi/10.2.1/../../../../arm-none-eabi/lib/thumb/v7e-m+fp/hard\libg.a(lib_a-fflush.o)
                0x0000000000009d30                __sflush_r
 .text._fflush_r
                0x0000000000009e60       0x5c d:/online_emb_diploma/installations/xpack-arm-none-eabi-gcc-10.2.1-1.1-win32-x64/xpack-arm-none-eabi-gcc-10.2.1-1.1/bin/../lib/gcc/arm-none-eabi/10.2.1/../../../../arm-none-eabi/lib/thumb/v7e-m+fp/hard\libg.a(lib_a-fflush.o)
                0x0000000000009e60                _fflush_r
 .text._cleanup_r
                0x0000000000009ebc        0xc d:/online_emb_diploma/installations/xpack-arm-none-eabi-gcc-10.2.1-1.1-win32-x64/xpack-arm-none-eabi-gcc-10.2.1-1.1/bin/../lib/gcc/arm-none-eabi/10.2.1/../../../../arm-none-eabi/lib/thumb/v7e-m+fp/hard\libg.a(lib_a-findfp.o)
                0x0000000000009ebc                _cleanup_r
 .text.__sinit  0x0000000000009ec8      0x10c d:/online_emb_diploma/installations/xpack-arm-none-eabi-gcc-10.2.1-1.1-win32-x64/xpack-arm-none-eabi-gcc-10.2.1-1.1/bin/../lib/gcc/arm-none-eabi/10.2.1/../../../../arm-none-eabi/lib/thumb/v7e-m+fp/hard\libg.a(lib_a-findfp.o)
                0x0000000000009ec8                __sinit
 .text.__sfp_lock_acquire
                0x0000000000009fd4        0xc d:/online_emb_diploma/installations/xpack-arm-none-eabi-gcc-10.2.1-1.1-win32-x64/xpack-arm-none-eabi-gcc-10.2.1-1.1/bin/../lib/gcc/arm-none-eabi/10.2.1/../../../../arm-none-eabi/lib/thumb/v7e-m+fp/hard\libg.a(lib_a-findfp.o)
                0x0000000000009fd4                __sfp_lock_acquire
 .text.__sfp_lock_release
                0x0000000000009fe0        0xc d:/online_emb_diploma/installations/xpack-arm-none-eabi-gcc-10.2.1-1.1-win32-x64/xpack-arm-none-eabi-gcc-10.2.1-1.1/bin/../lib/gcc/arm-none-eabi/10.2.1/../../../../arm-none-eabi/lib/thumb/v7e-m+fp/hard\libg.a(lib_a-findfp.o)
                0x0000000000009fe0                __sfp_lock_release
 .text.__fputwc
                0x0000000000009fec       0xa8 d:/online_emb_diploma/installations/xpack-arm-none-eabi-gcc-10.2.1-1.1-win32-x64/xpack-arm-none-eabi-gcc-10.2.1-1.1/bin/../lib/gcc/arm-none-eabi/10.2.1/../../../../arm-none-eabi/lib/thumb/v7e-m+fp/hard\libg.a(lib_a-fputwc.o)
                0x0000000000009fec                __fputwc
 .text._fputwc_r
                0x000000000000a094       0x68 d:/online_emb_diploma/installations/xpack-arm-none-eabi-gcc-10.2.1-1.1-win32-x64/xpack-arm-none-eabi-gcc-10.2.1-1.1/bin/../lib/gcc/arm-none-eabi/10.2.1/../../../../arm-none-eabi/lib/thumb/v7e-m+fp/hard\libg.a(lib_a-fputwc.o)
                0x000000000000a094                _fputwc_r
 .text._malloc_trim_r
                0x000000000000a0fc       0xa0 d:/online_emb_diploma/installations/xpack-arm-none-eabi-gcc-10.2.1-1.1-win32-x64/xpack-arm-none-eabi-gcc-10.2.1-1.1/bin/../lib/gcc/arm-none-eabi/10.2.1/../../../../arm-none-eabi/lib/thumb/v7e-m+fp/hard\libg.a(lib_a-freer.o)
                0x000000000000a0fc                _malloc_trim_r
 .text._free_r  0x000000000000a19c      0x20c d:/online_emb_diploma/installations/xpack-arm-none-eabi-gcc-10.2.1-1.1-win32-x64/xpack-arm-none-eabi-gcc-10.2.1-1.1/bin/../lib/gcc/arm-none-eabi/10.2.1/../../../../arm-none-eabi/lib/thumb/v7e-m+fp/hard\libg.a(lib_a-freer.o)
                0x000000000000a19c                _free_r
 .text.__sfvwrite_r
                0x000000000000a3a8      0x2f0 d:/online_emb_diploma/installations/xpack-arm-none-eabi-gcc-10.2.1-1.1-win32-x64/xpack-arm-none-eabi-gcc-10.2.1-1.1/bin/../lib/gcc/arm-none-eabi/10.2.1/../../../../arm-none-eabi/lib/thumb/v7e-m+fp/hard\libg.a(lib_a-fvwrite.o)
                0x000000000000a3a8                __sfvwrite_r
 .text._fwalk_reent
                0x000000000000a698       0x48 d:/online_emb_diploma/installations/xpack-arm-none-eabi-gcc-10.2.1-1.1-win32-x64/xpack-arm-none-eabi-gcc-10.2.1-1.1/bin/../lib/gcc/arm-none-eabi/10.2.1/../../../../arm-none-eabi/lib/thumb/v7e-m+fp/hard\libg.a(lib_a-fwalk.o)
                0x000000000000a698                _fwalk_reent
 .text._localeconv_r
                0x000000000000a6e0        0x8 d:/online_emb_diploma/installations/xpack-arm-none-eabi-gcc-10.2.1-1.1-win32-x64/xpack-arm-none-eabi-gcc-10.2.1-1.1/bin/../lib/gcc/arm-none-eabi/10.2.1/../../../../arm-none-eabi/lib/thumb/v7e-m+fp/hard\libg.a(lib_a-localeconv.o)
                0x000000000000a6e0                _localeconv_r
 .text.__smakebuf_r
                0x000000000000a6e8       0xe0 d:/online_emb_diploma/installations/xpack-arm-none-eabi-gcc-10.2.1-1.1-win32-x64/xpack-arm-none-eabi-gcc-10.2.1-1.1/bin/../lib/gcc/arm-none-eabi/10.2.1/../../../../arm-none-eabi/lib/thumb/v7e-m+fp/hard\libg.a(lib_a-makebuf.o)
                0x000000000000a6e8                __smakebuf_r
 .text.memmove  0x000000000000a7c8       0xf8 d:/online_emb_diploma/installations/xpack-arm-none-eabi-gcc-10.2.1-1.1-win32-x64/xpack-arm-none-eabi-gcc-10.2.1-1.1/bin/../lib/gcc/arm-none-eabi/10.2.1/../../../../arm-none-eabi/lib/thumb/v7e-m+fp/hard\libg.a(lib_a-memmove.o)
                0x000000000000a7c8                memmove
 .text._realloc_r
                0x000000000000a8c0      0x3d8 d:/online_emb_diploma/installations/xpack-arm-none-eabi-gcc-10.2.1-1.1-win32-x64/xpack-arm-none-eabi-gcc-10.2.1-1.1/bin/../lib/gcc/arm-none-eabi/10.2.1/../../../../arm-none-eabi/lib/thumb/v7e-m+fp/hard\libg.a(lib_a-reallocr.o)
                0x000000000000a8c0                _realloc_r
 .text.raise    0x000000000000ac98       0x5c d:/online_emb_diploma/installations/xpack-arm-none-eabi-gcc-10.2.1-1.1-win32-x64/xpack-arm-none-eabi-gcc-10.2.1-1.1/bin/../lib/gcc/arm-none-eabi/10.2.1/../../../../arm-none-eabi/lib/thumb/v7e-m+fp/hard\libg.a(lib_a-signal.o)
                0x000000000000ac98                raise
 .text._kill_r  0x000000000000acf4       0x2c d:/online_emb_diploma/installations/xpack-arm-none-eabi-gcc-10.2.1-1.1-win32-x64/xpack-arm-none-eabi-gcc-10.2.1-1.1/bin/../lib/gcc/arm-none-eabi/10.2.1/../../../../arm-none-eabi/lib/thumb/v7e-m+fp/hard\libg.a(lib_a-signalr.o)
                0x000000000000acf4                _kill_r
 .text._getpid_r
                0x000000000000ad20        0x4 d:/online_emb_diploma/installations/xpack-arm-none-eabi-gcc-10.2.1-1.1-win32-x64/xpack-arm-none-eabi-gcc-10.2.1-1.1/bin/../lib/gcc/arm-none-eabi/10.2.1/../../../../arm-none-eabi/lib/thumb/v7e-m+fp/hard\libg.a(lib_a-signalr.o)
                0x000000000000ad20                _getpid_r
 .text.__sread  0x000000000000ad24       0x24 d:/online_emb_diploma/installations/xpack-arm-none-eabi-gcc-10.2.1-1.1-win32-x64/xpack-arm-none-eabi-gcc-10.2.1-1.1/bin/../lib/gcc/arm-none-eabi/10.2.1/../../../../arm-none-eabi/lib/thumb/v7e-m+fp/hard\libg.a(lib_a-stdio.o)
                0x000000000000ad24                __sread
 .text.__swrite
                0x000000000000ad48       0x40 d:/online_emb_diploma/installations/xpack-arm-none-eabi-gcc-10.2.1-1.1-win32-x64/xpack-arm-none-eabi-gcc-10.2.1-1.1/bin/../lib/gcc/arm-none-eabi/10.2.1/../../../../arm-none-eabi/lib/thumb/v7e-m+fp/hard\libg.a(lib_a-stdio.o)
                0x000000000000ad48                __swrite
 .text.__sseek  0x000000000000ad88       0x20 d:/online_emb_diploma/installations/xpack-arm-none-eabi-gcc-10.2.1-1.1-win32-x64/xpack-arm-none-eabi-gcc-10.2.1-1.1/bin/../lib/gcc/arm-none-eabi/10.2.1/../../../../arm-none-eabi/lib/thumb/v7e-m+fp/hard\libg.a(lib_a-stdio.o)
                0x000000000000ad88                __sseek
 .text.__sclose
                0x000000000000ada8        0x8 d:/online_emb_diploma/installations/xpack-arm-none-eabi-gcc-10.2.1-1.1-win32-x64/xpack-arm-none-eabi-gcc-10.2.1-1.1/bin/../lib/gcc/arm-none-eabi/10.2.1/../../../../arm-none-eabi/lib/thumb/v7e-m+fp/hard\libg.a(lib_a-stdio.o)
                0x000000000000ada8                __sclose
 .text.strncpy  0x000000000000adb0       0x64 d:/online_emb_diploma/installations/xpack-arm-none-eabi-gcc-10.2.1-1.1-win32-x64/xpack-arm-none-eabi-gcc-10.2.1-1.1/bin/../lib/gcc/arm-none-eabi/10.2.1/../../../../arm-none-eabi/lib/thumb/v7e-m+fp/hard\libg.a(lib_a-strncpy.o)
                0x000000000000adb0                strncpy
 .text.__swbuf_r
                0x000000000000ae14       0xb0 d:/online_emb_diploma/installations/xpack-arm-none-eabi-gcc-10.2.1-1.1-win32-x64/xpack-arm-none-eabi-gcc-10.2.1-1.1/bin/../lib/gcc/arm-none-eabi/10.2.1/../../../../arm-none-eabi/lib/thumb/v7e-m+fp/hard\libg.a(lib_a-wbuf.o)
                0x000000000000ae14                __swbuf_r
 .text._wcrtomb_r
                0x000000000000aec4       0x3c d:/online_emb_diploma/installations/xpack-arm-none-eabi-gcc-10.2.1-1.1-win32-x64/xpack-arm-none-eabi-gcc-10.2.1-1.1/bin/../lib/gcc/arm-none-eabi/10.2.1/../../../../arm-none-eabi/lib/thumb/v7e-m+fp/hard\libg.a(lib_a-wcrtomb.o)
                0x000000000000aec4                _wcrtomb_r
 .text._write_r
                0x000000000000af00       0x2c d:/online_emb_diploma/installations/xpack-arm-none-eabi-gcc-10.2.1-1.1-win32-x64/xpack-arm-none-eabi-gcc-10.2.1-1.1/bin/../lib/gcc/arm-none-eabi/10.2.1/../../../../arm-none-eabi/lib/thumb/v7e-m+fp/hard\libg.a(lib_a-writer.o)
                0x000000000000af00                _write_r
 .text._close_r
                0x000000000000af2c       0x24 d:/online_emb_diploma/installations/xpack-arm-none-eabi-gcc-10.2.1-1.1-win32-x64/xpack-arm-none-eabi-gcc-10.2.1-1.1/bin/../lib/gcc/arm-none-eabi/10.2.1/../../../../arm-none-eabi/lib/thumb/v7e-m+fp/hard\libg.a(lib_a-closer.o)
                0x000000000000af2c                _close_r
 .text._fclose_r
                0x000000000000af50       0xcc d:/online_emb_diploma/installations/xpack-arm-none-eabi-gcc-10.2.1-1.1-win32-x64/xpack-arm-none-eabi-gcc-10.2.1-1.1/bin/../lib/gcc/arm-none-eabi/10.2.1/../../../../arm-none-eabi/lib/thumb/v7e-m+fp/hard\libg.a(lib_a-fclose.o)
                0x000000000000af50                _fclose_r
 .text._fstat_r
                0x000000000000b01c       0x2c d:/online_emb_diploma/installations/xpack-arm-none-eabi-gcc-10.2.1-1.1-win32-x64/xpack-arm-none-eabi-gcc-10.2.1-1.1/bin/../lib/gcc/arm-none-eabi/10.2.1/../../../../arm-none-eabi/lib/thumb/v7e-m+fp/hard\libg.a(lib_a-fstatr.o)
                0x000000000000b01c                _fstat_r
 .text._isatty_r
                0x000000000000b048       0x24 d:/online_emb_diploma/installations/xpack-arm-none-eabi-gcc-10.2.1-1.1-win32-x64/xpack-arm-none-eabi-gcc-10.2.1-1.1/bin/../lib/gcc/arm-none-eabi/10.2.1/../../../../arm-none-eabi/lib/thumb/v7e-m+fp/hard\libg.a(lib_a-isattyr.o)
                0x000000000000b048                _isatty_r
 .text._lseek_r
                0x000000000000b06c       0x2c d:/online_emb_diploma/installations/xpack-arm-none-eabi-gcc-10.2.1-1.1-win32-x64/xpack-arm-none-eabi-gcc-10.2.1-1.1/bin/../lib/gcc/arm-none-eabi/10.2.1/../../../../arm-none-eabi/lib/thumb/v7e-m+fp/hard\libg.a(lib_a-lseekr.o)
                0x000000000000b06c                _lseek_r
 .text._read_r  0x000000000000b098       0x2c d:/online_emb_diploma/installations/xpack-arm-none-eabi-gcc-10.2.1-1.1-win32-x64/xpack-arm-none-eabi-gcc-10.2.1-1.1/bin/../lib/gcc/arm-none-eabi/10.2.1/../../../../arm-none-eabi/lib/thumb/v7e-m+fp/hard\libg.a(lib_a-readr.o)
                0x000000000000b098                _read_r
 .text.__fixdfdi
                0x000000000000b0c4       0x30 d:/online_emb_diploma/installations/xpack-arm-none-eabi-gcc-10.2.1-1.1-win32-x64/xpack-arm-none-eabi-gcc-10.2.1-1.1/bin/../lib/gcc/arm-none-eabi/10.2.1/thumb/v7e-m+fp/hard\libgcc.a(_fixdfdi.o)
                0x000000000000b0c4                __fixdfdi
                0x000000000000b0c4                __aeabi_d2lz
 .text.__fixunsdfdi
                0x000000000000b0f4       0x3c d:/online_emb_diploma/installations/xpack-arm-none-eabi-gcc-10.2.1-1.1-win32-x64/xpack-arm-none-eabi-gcc-10.2.1-1.1/bin/../lib/gcc/arm-none-eabi/10.2.1/thumb/v7e-m+fp/hard\libgcc.a(_fixunsdfdi.o)
                0x000000000000b0f4                __fixunsdfdi
                0x000000000000b0f4                __aeabi_d2ulz
 .text.__udivmoddi4
                0x000000000000b130      0x2d0 d:/online_emb_diploma/installations/xpack-arm-none-eabi-gcc-10.2.1-1.1-win32-x64/xpack-arm-none-eabi-gcc-10.2.1-1.1/bin/../lib/gcc/arm-none-eabi/10.2.1/thumb/v7e-m+fp/hard\libgcc.a(_udivmoddi4.o)
                0x000000000000b130                __udivmoddi4
 .text.selfrel_offset31
                0x000000000000b400       0x14 d:/online_emb_diploma/installations/xpack-arm-none-eabi-gcc-10.2.1-1.1-win32-x64/xpack-arm-none-eabi-gcc-10.2.1-1.1/bin/../lib/gcc/arm-none-eabi/10.2.1/thumb/v7e-m+fp/hard\libgcc.a(unwind-arm.o)
 .text.search_EIT_table
                0x000000000000b414       0x5c d:/online_emb_diploma/installations/xpack-arm-none-eabi-gcc-10.2.1-1.1-win32-x64/xpack-arm-none-eabi-gcc-10.2.1-1.1/bin/../lib/gcc/arm-none-eabi/10.2.1/thumb/v7e-m+fp/hard\libgcc.a(unwind-arm.o)
 .text.__gnu_unwind_get_pr_addr
                0x000000000000b470       0x28 d:/online_emb_diploma/installations/xpack-arm-none-eabi-gcc-10.2.1-1.1-win32-x64/xpack-arm-none-eabi-gcc-10.2.1-1.1/bin/../lib/gcc/arm-none-eabi/10.2.1/thumb/v7e-m+fp/hard\libgcc.a(unwind-arm.o)
 .text.get_eit_entry
                0x000000000000b498       0x9c d:/online_emb_diploma/installations/xpack-arm-none-eabi-gcc-10.2.1-1.1-win32-x64/xpack-arm-none-eabi-gcc-10.2.1-1.1/bin/../lib/gcc/arm-none-eabi/10.2.1/thumb/v7e-m+fp/hard\libgcc.a(unwind-arm.o)
 .text.restore_non_core_regs
                0x000000000000b534       0x58 d:/online_emb_diploma/installations/xpack-arm-none-eabi-gcc-10.2.1-1.1-win32-x64/xpack-arm-none-eabi-gcc-10.2.1-1.1/bin/../lib/gcc/arm-none-eabi/10.2.1/thumb/v7e-m+fp/hard\libgcc.a(unwind-arm.o)
 .text._Unwind_decode_typeinfo_ptr.constprop.0
                0x000000000000b58c        0xc d:/online_emb_diploma/installations/xpack-arm-none-eabi-gcc-10.2.1-1.1-win32-x64/xpack-arm-none-eabi-gcc-10.2.1-1.1/bin/../lib/gcc/arm-none-eabi/10.2.1/thumb/v7e-m+fp/hard\libgcc.a(unwind-arm.o)
 .text._Unwind_DebugHook
                0x000000000000b598        0x4 d:/online_emb_diploma/installations/xpack-arm-none-eabi-gcc-10.2.1-1.1-win32-x64/xpack-arm-none-eabi-gcc-10.2.1-1.1/bin/../lib/gcc/arm-none-eabi/10.2.1/thumb/v7e-m+fp/hard\libgcc.a(unwind-arm.o)
 .text.unwind_phase2
                0x000000000000b59c       0x3c d:/online_emb_diploma/installations/xpack-arm-none-eabi-gcc-10.2.1-1.1-win32-x64/xpack-arm-none-eabi-gcc-10.2.1-1.1/bin/../lib/gcc/arm-none-eabi/10.2.1/thumb/v7e-m+fp/hard\libgcc.a(unwind-arm.o)
 .text.unwind_phase2_forced
                0x000000000000b5d8       0xcc d:/online_emb_diploma/installations/xpack-arm-none-eabi-gcc-10.2.1-1.1-win32-x64/xpack-arm-none-eabi-gcc-10.2.1-1.1/bin/../lib/gcc/arm-none-eabi/10.2.1/thumb/v7e-m+fp/hard\libgcc.a(unwind-arm.o)
 .text.__gnu_Unwind_RaiseException
                0x000000000000b6a4       0x68 d:/online_emb_diploma/installations/xpack-arm-none-eabi-gcc-10.2.1-1.1-win32-x64/xpack-arm-none-eabi-gcc-10.2.1-1.1/bin/../lib/gcc/arm-none-eabi/10.2.1/thumb/v7e-m+fp/hard\libgcc.a(unwind-arm.o)
                0x000000000000b6a4                __gnu_Unwind_RaiseException
 .text.__gnu_Unwind_ForcedUnwind
                0x000000000000b70c       0x10 d:/online_emb_diploma/installations/xpack-arm-none-eabi-gcc-10.2.1-1.1-win32-x64/xpack-arm-none-eabi-gcc-10.2.1-1.1/bin/../lib/gcc/arm-none-eabi/10.2.1/thumb/v7e-m+fp/hard\libgcc.a(unwind-arm.o)
                0x000000000000b70c                __gnu_Unwind_ForcedUnwind
 .text.__gnu_Unwind_Resume
                0x000000000000b71c       0x44 d:/online_emb_diploma/installations/xpack-arm-none-eabi-gcc-10.2.1-1.1-win32-x64/xpack-arm-none-eabi-gcc-10.2.1-1.1/bin/../lib/gcc/arm-none-eabi/10.2.1/thumb/v7e-m+fp/hard\libgcc.a(unwind-arm.o)
                0x000000000000b71c                __gnu_Unwind_Resume
 .text.__gnu_Unwind_Resume_or_Rethrow
                0x000000000000b760       0x14 d:/online_emb_diploma/installations/xpack-arm-none-eabi-gcc-10.2.1-1.1-win32-x64/xpack-arm-none-eabi-gcc-10.2.1-1.1/bin/../lib/gcc/arm-none-eabi/10.2.1/thumb/v7e-m+fp/hard\libgcc.a(unwind-arm.o)
                0x000000000000b760                __gnu_Unwind_Resume_or_Rethrow
 .text._Unwind_VRS_Get
                0x000000000000b774       0x30 d:/online_emb_diploma/installations/xpack-arm-none-eabi-gcc-10.2.1-1.1-win32-x64/xpack-arm-none-eabi-gcc-10.2.1-1.1/bin/../lib/gcc/arm-none-eabi/10.2.1/thumb/v7e-m+fp/hard\libgcc.a(unwind-arm.o)
                0x000000000000b774                _Unwind_VRS_Get
 .text._Unwind_GetGR
                0x000000000000b7a4       0x1c d:/online_emb_diploma/installations/xpack-arm-none-eabi-gcc-10.2.1-1.1-win32-x64/xpack-arm-none-eabi-gcc-10.2.1-1.1/bin/../lib/gcc/arm-none-eabi/10.2.1/thumb/v7e-m+fp/hard\libgcc.a(unwind-arm.o)
 .text._Unwind_VRS_Set
                0x000000000000b7c0       0x30 d:/online_emb_diploma/installations/xpack-arm-none-eabi-gcc-10.2.1-1.1-win32-x64/xpack-arm-none-eabi-gcc-10.2.1-1.1/bin/../lib/gcc/arm-none-eabi/10.2.1/thumb/v7e-m+fp/hard\libgcc.a(unwind-arm.o)
                0x000000000000b7c0                _Unwind_VRS_Set
 .text._Unwind_SetGR
                0x000000000000b7f0       0x18 d:/online_emb_diploma/installations/xpack-arm-none-eabi-gcc-10.2.1-1.1-win32-x64/xpack-arm-none-eabi-gcc-10.2.1-1.1/bin/../lib/gcc/arm-none-eabi/10.2.1/thumb/v7e-m+fp/hard\libgcc.a(unwind-arm.o)
 .text.__gnu_Unwind_Backtrace
                0x000000000000b808       0x84 d:/online_emb_diploma/installations/xpack-arm-none-eabi-gcc-10.2.1-1.1-win32-x64/xpack-arm-none-eabi-gcc-10.2.1-1.1/bin/../lib/gcc/arm-none-eabi/10.2.1/thumb/v7e-m+fp/hard\libgcc.a(unwind-arm.o)
                0x000000000000b808                __gnu_Unwind_Backtrace
 .text.__gnu_unwind_pr_common
                0x000000000000b88c      0x2a8 d:/online_emb_diploma/installations/xpack-arm-none-eabi-gcc-10.2.1-1.1-win32-x64/xpack-arm-none-eabi-gcc-10.2.1-1.1/bin/../lib/gcc/arm-none-eabi/10.2.1/thumb/v7e-m+fp/hard\libgcc.a(unwind-arm.o)
 .text.__aeabi_unwind_cpp_pr0
                0x000000000000bb34        0x8 d:/online_emb_diploma/installations/xpack-arm-none-eabi-gcc-10.2.1-1.1-win32-x64/xpack-arm-none-eabi-gcc-10.2.1-1.1/bin/../lib/gcc/arm-none-eabi/10.2.1/thumb/v7e-m+fp/hard\libgcc.a(unwind-arm.o)
                0x000000000000bb34                __aeabi_unwind_cpp_pr0
 .text.__aeabi_unwind_cpp_pr1
                0x000000000000bb3c        0x8 d:/online_emb_diploma/installations/xpack-arm-none-eabi-gcc-10.2.1-1.1-win32-x64/xpack-arm-none-eabi-gcc-10.2.1-1.1/bin/../lib/gcc/arm-none-eabi/10.2.1/thumb/v7e-m+fp/hard\libgcc.a(unwind-arm.o)
                0x000000000000bb3c                __aeabi_unwind_cpp_pr1
 .text.__aeabi_unwind_cpp_pr2
                0x000000000000bb44        0x8 d:/online_emb_diploma/installations/xpack-arm-none-eabi-gcc-10.2.1-1.1-win32-x64/xpack-arm-none-eabi-gcc-10.2.1-1.1/bin/../lib/gcc/arm-none-eabi/10.2.1/thumb/v7e-m+fp/hard\libgcc.a(unwind-arm.o)
                0x000000000000bb44                __aeabi_unwind_cpp_pr2
 .text._Unwind_VRS_Pop
                0x000000000000bb4c      0x284 d:/online_emb_diploma/installations/xpack-arm-none-eabi-gcc-10.2.1-1.1-win32-x64/xpack-arm-none-eabi-gcc-10.2.1-1.1/bin/../lib/gcc/arm-none-eabi/10.2.1/thumb/v7e-m+fp/hard\libgcc.a(unwind-arm.o)
                0x000000000000bb4c                _Unwind_VRS_Pop
 .text.next_unwind_byte
                0x000000000000bdd0       0x38 d:/online_emb_diploma/installations/xpack-arm-none-eabi-gcc-10.2.1-1.1-win32-x64/xpack-arm-none-eabi-gcc-10.2.1-1.1/bin/../lib/gcc/arm-none-eabi/10.2.1/thumb/v7e-m+fp/hard\libgcc.a(pr-support.o)
 .text.__gnu_unwind_execute
                0x000000000000be08      0x2ac d:/online_emb_diploma/installations/xpack-arm-none-eabi-gcc-10.2.1-1.1-win32-x64/xpack-arm-none-eabi-gcc-10.2.1-1.1/bin/../lib/gcc/arm-none-eabi/10.2.1/thumb/v7e-m+fp/hard\libgcc.a(pr-support.o)
                0x000000000000be08                __gnu_unwind_execute
 .text._close   0x000000000000c0b4       0x10 d:/online_emb_diploma/installations/xpack-arm-none-eabi-gcc-10.2.1-1.1-win32-x64/xpack-arm-none-eabi-gcc-10.2.1-1.1/bin/../lib/gcc/arm-none-eabi/10.2.1/../../../../arm-none-eabi/lib/thumb/v7e-m+fp/hard\libnosys.a(close.o)
                0x000000000000c0b4                _close
 .text._fstat   0x000000000000c0c4       0x10 d:/online_emb_diploma/installations/xpack-arm-none-eabi-gcc-10.2.1-1.1-win32-x64/xpack-arm-none-eabi-gcc-10.2.1-1.1/bin/../lib/gcc/arm-none-eabi/10.2.1/../../../../arm-none-eabi/lib/thumb/v7e-m+fp/hard\libnosys.a(fstat.o)
                0x000000000000c0c4                _fstat
 .text._getpid  0x000000000000c0d4       0x10 d:/online_emb_diploma/installations/xpack-arm-none-eabi-gcc-10.2.1-1.1-win32-x64/xpack-arm-none-eabi-gcc-10.2.1-1.1/bin/../lib/gcc/arm-none-eabi/10.2.1/../../../../arm-none-eabi/lib/thumb/v7e-m+fp/hard\libnosys.a(getpid.o)
                0x000000000000c0d4                _getpid
 .text._isatty  0x000000000000c0e4       0x10 d:/online_emb_diploma/installations/xpack-arm-none-eabi-gcc-10.2.1-1.1-win32-x64/xpack-arm-none-eabi-gcc-10.2.1-1.1/bin/../lib/gcc/arm-none-eabi/10.2.1/../../../../arm-none-eabi/lib/thumb/v7e-m+fp/hard\libnosys.a(isatty.o)
                0x000000000000c0e4                _isatty
 .text._kill    0x000000000000c0f4       0x10 d:/online_emb_diploma/installations/xpack-arm-none-eabi-gcc-10.2.1-1.1-win32-x64/xpack-arm-none-eabi-gcc-10.2.1-1.1/bin/../lib/gcc/arm-none-eabi/10.2.1/../../../../arm-none-eabi/lib/thumb/v7e-m+fp/hard\libnosys.a(kill.o)
                0x000000000000c0f4                _kill
 .text._lseek   0x000000000000c104       0x10 d:/online_emb_diploma/installations/xpack-arm-none-eabi-gcc-10.2.1-1.1-win32-x64/xpack-arm-none-eabi-gcc-10.2.1-1.1/bin/../lib/gcc/arm-none-eabi/10.2.1/../../../../arm-none-eabi/lib/thumb/v7e-m+fp/hard\libnosys.a(lseek.o)
                0x000000000000c104                _lseek
 .text._read    0x000000000000c114       0x10 d:/online_emb_diploma/installations/xpack-arm-none-eabi-gcc-10.2.1-1.1-win32-x64/xpack-arm-none-eabi-gcc-10.2.1-1.1/bin/../lib/gcc/arm-none-eabi/10.2.1/../../../../arm-none-eabi/lib/thumb/v7e-m+fp/hard\libnosys.a(read.o)
                0x000000000000c114                _read
 .text._sbrk    0x000000000000c124       0x1c d:/online_emb_diploma/installations/xpack-arm-none-eabi-gcc-10.2.1-1.1-win32-x64/xpack-arm-none-eabi-gcc-10.2.1-1.1/bin/../lib/gcc/arm-none-eabi/10.2.1/../../../../arm-none-eabi/lib/thumb/v7e-m+fp/hard\libnosys.a(sbrk.o)
                0x000000000000c124                _sbrk
 .text._write   0x000000000000c140       0x10 d:/online_emb_diploma/installations/xpack-arm-none-eabi-gcc-10.2.1-1.1-win32-x64/xpack-arm-none-eabi-gcc-10.2.1-1.1/bin/../lib/gcc/arm-none-eabi/10.2.1/../../../../arm-none-eabi/lib/thumb/v7e-m+fp/hard\libnosys.a(write.o)
                0x000000000000c140                _write
 .text._exit    0x000000000000c150        0x4 d:/online_emb_diploma/installations/xpack-arm-none-eabi-gcc-10.2.1-1.1-win32-x64/xpack-arm-none-eabi-gcc-10.2.1-1.1/bin/../lib/gcc/arm-none-eabi/10.2.1/../../../../arm-none-eabi/lib/thumb/v7e-m+fp/hard\libnosys.a(_exit.o)
                0x000000000000c150                _exit
                0x000000000000c154                . = ALIGN (0x4)
 *(.ctors)
                0x000000000000c154                . = ALIGN (0x4)
 *(.dtors)
                0x000000000000c154                . = ALIGN (0x4)
                0x000000000000c154                __init_array_start = .
 *(.init_array*)
 .init_array    0x000000000000c154        0x4 d:/online_emb_diploma/installations/xpack-arm-none-eabi-gcc-10.2.1-1.1-win32-x64/xpack-arm-none-eabi-gcc-10.2.1-1.1/bin/../lib/gcc/arm-none-eabi/10.2.1/thumb/v7e-m+fp/hard/crtbegin.o
 .init_array.00000
                0x000000000000c158        0x4 d:/online_emb_diploma/installations/xpack-arm-none-eabi-gcc-10.2.1-1.1-win32-x64/xpack-arm-none-eabi-gcc-10.2.1-1.1/bin/../lib/gcc/arm-none-eabi/10.2.1/../../../../arm-none-eabi/lib/thumb/v7e-m+fp/hard\libg.a(lib_a-__call_atexit.o)
                0x000000000000c15c                __init_array_end = .
 *(.init)
 .init          0x000000000000c15c        0x4 d:/online_emb_diploma/installations/xpack-arm-none-eabi-gcc-10.2.1-1.1-win32-x64/xpack-arm-none-eabi-gcc-10.2.1-1.1/bin/../lib/gcc/arm-none-eabi/10.2.1/thumb/v7e-m+fp/hard/crti.o
                0x000000000000c15c                _init
 *(.fini*)
 .fini          0x000000000000c160        0x4 d:/online_emb_diploma/installations/xpack-arm-none-eabi-gcc-10.2.1-1.1-win32-x64/xpack-arm-none-eabi-gcc-10.2.1-1.1/bin/../lib/gcc/arm-none-eabi/10.2.1/thumb/v7e-m+fp/hard/crti.o
                0x000000000000c160                _fini
                [!provide]                        PROVIDE (__etext = .)
                [!provide]                        PROVIDE (_etext = .)
                [!provide]                        PROVIDE (etext = .)

.glue_7         0x000000000000c164        0x0
 .glue_7        0x000000000000c164        0x0 linker stubs

.glue_7t        0x000000000000c164        0x0
 .glue_7t       0x000000000000c164        0x0 linker stubs

.vfp11_veneer   0x000000000000c164        0x0
 .vfp11_veneer  0x000000000000c164        0x0 linker stubs

.v4_bx          0x000000000000c164        0x0
 .v4_bx         0x000000000000c164        0x0 linker stubs

.iplt           0x000000000000c164        0x0
 .iplt          0x000000000000c164        0x0 d:/online_emb_diploma/installations/xpack-arm-none-eabi-gcc-10.2.1-1.1-win32-x64/xpack-arm-none-eabi-gcc-10.2.1-1.1/bin/../lib/gcc/arm-none-eabi/10.2.1/thumb/v7e-m+fp/hard/crtbegin.o

.rodata         0x000000000000c168      0x6d8
 *(.rodata)
 .rodata        0x000000000000c168       0x28 ./SIM800.o
 .rodata        0x000000000000c190       0x6e ./main.o
 *fill*         0x000000000000c1fe        0x2 
 .rodata        0x000000000000c200        0x5 ./FreeRTOS/Source/tasks.o
 *fill*         0x000000000000c205        0x3 
 .rodata        0x000000000000c208        0x8 ./FreeRTOS/Source/timers.o
 .rodata        0x000000000000c210        0xa ./HAL/gps.o
 *(.rodata*)
 *fill*         0x000000000000c21a        0x2 
 .rodata.g_pui32GPIOBaseAddrs
                0x000000000000c21c       0x90 ./driverlib/gpio.o
 .rodata.g_pui32Regs
                0x000000000000c2ac       0x9c ./driverlib/interrupt.o
 .rodata.g_pui32EnRegs
                0x000000000000c348       0x14 ./driverlib/interrupt.o
 .rodata._global_impure_ptr
                0x000000000000c35c        0x4 d:/online_emb_diploma/installations/xpack-arm-none-eabi-gcc-10.2.1-1.1-win32-x64/xpack-arm-none-eabi-gcc-10.2.1-1.1/bin/../lib/gcc/arm-none-eabi/10.2.1/../../../../arm-none-eabi/lib/thumb/v7e-m+fp/hard\libg.a(lib_a-impure.o)
                0x000000000000c35c                _global_impure_ptr
 .rodata._strtod_l.str1.4
                0x000000000000c360        0xf d:/online_emb_diploma/installations/xpack-arm-none-eabi-gcc-10.2.1-1.1-win32-x64/xpack-arm-none-eabi-gcc-10.2.1-1.1/bin/../lib/gcc/arm-none-eabi/10.2.1/../../../../arm-none-eabi/lib/thumb/v7e-m+fp/hard\libg.a(lib_a-strtod.o)
                                         0x11 (size before relaxing)
 *fill*         0x000000000000c36f        0x1 
 .rodata.fpi.1  0x000000000000c370       0x14 d:/online_emb_diploma/installations/xpack-arm-none-eabi-gcc-10.2.1-1.1-win32-x64/xpack-arm-none-eabi-gcc-10.2.1-1.1/bin/../lib/gcc/arm-none-eabi/10.2.1/../../../../arm-none-eabi/lib/thumb/v7e-m+fp/hard\libg.a(lib_a-strtod.o)
 .rodata.fpinan.0
                0x000000000000c384       0x14 d:/online_emb_diploma/installations/xpack-arm-none-eabi-gcc-10.2.1-1.1-win32-x64/xpack-arm-none-eabi-gcc-10.2.1-1.1/bin/../lib/gcc/arm-none-eabi/10.2.1/../../../../arm-none-eabi/lib/thumb/v7e-m+fp/hard\libg.a(lib_a-strtod.o)
 .rodata.tinytens
                0x000000000000c398       0x28 d:/online_emb_diploma/installations/xpack-arm-none-eabi-gcc-10.2.1-1.1-win32-x64/xpack-arm-none-eabi-gcc-10.2.1-1.1/bin/../lib/gcc/arm-none-eabi/10.2.1/../../../../arm-none-eabi/lib/thumb/v7e-m+fp/hard\libg.a(lib_a-strtod.o)
 .rodata.__gethex.str1.4
                0x000000000000c3c0       0x76 d:/online_emb_diploma/installations/xpack-arm-none-eabi-gcc-10.2.1-1.1-win32-x64/xpack-arm-none-eabi-gcc-10.2.1-1.1/bin/../lib/gcc/arm-none-eabi/10.2.1/../../../../arm-none-eabi/lib/thumb/v7e-m+fp/hard\libg.a(lib_a-gdtoa-gethex.o)
 *fill*         0x000000000000c436        0x2 
 .rodata.__hexdig
                0x000000000000c438      0x100 d:/online_emb_diploma/installations/xpack-arm-none-eabi-gcc-10.2.1-1.1-win32-x64/xpack-arm-none-eabi-gcc-10.2.1-1.1/bin/../lib/gcc/arm-none-eabi/10.2.1/../../../../arm-none-eabi/lib/thumb/v7e-m+fp/hard\libg.a(lib_a-gdtoa-gethex.o)
                0x000000000000c438                __hexdig
 .rodata.str1.4
                0x000000000000c538        0x2 d:/online_emb_diploma/installations/xpack-arm-none-eabi-gcc-10.2.1-1.1-win32-x64/xpack-arm-none-eabi-gcc-10.2.1-1.1/bin/../lib/gcc/arm-none-eabi/10.2.1/../../../../arm-none-eabi/lib/thumb/v7e-m+fp/hard\libg.a(lib_a-lnumeric.o)
                                          0x5 (size before relaxing)
 *fill*         0x000000000000c53a        0x2 
 .rodata._C_numeric_locale
                0x000000000000c53c        0xc d:/online_emb_diploma/installations/xpack-arm-none-eabi-gcc-10.2.1-1.1-win32-x64/xpack-arm-none-eabi-gcc-10.2.1-1.1/bin/../lib/gcc/arm-none-eabi/10.2.1/../../../../arm-none-eabi/lib/thumb/v7e-m+fp/hard\libg.a(lib_a-lnumeric.o)
                0x000000000000c53c                _C_numeric_locale
 .rodata._setlocale_r.str1.4
                0x000000000000c548        0xa d:/online_emb_diploma/installations/xpack-arm-none-eabi-gcc-10.2.1-1.1-win32-x64/xpack-arm-none-eabi-gcc-10.2.1-1.1/bin/../lib/gcc/arm-none-eabi/10.2.1/../../../../arm-none-eabi/lib/thumb/v7e-m+fp/hard\libg.a(lib_a-locale.o)
                                          0xd (size before relaxing)
 .rodata.str1.4
                0x000000000000c552        0x2 d:/online_emb_diploma/installations/xpack-arm-none-eabi-gcc-10.2.1-1.1-win32-x64/xpack-arm-none-eabi-gcc-10.2.1-1.1/bin/../lib/gcc/arm-none-eabi/10.2.1/../../../../arm-none-eabi/lib/thumb/v7e-m+fp/hard\libg.a(lib_a-locale.o)
 *fill*         0x000000000000c552        0x2 
 .rodata.__multadd.str1.4
                0x000000000000c554       0x5b d:/online_emb_diploma/installations/xpack-arm-none-eabi-gcc-10.2.1-1.1-win32-x64/xpack-arm-none-eabi-gcc-10.2.1-1.1/bin/../lib/gcc/arm-none-eabi/10.2.1/../../../../arm-none-eabi/lib/thumb/v7e-m+fp/hard\libg.a(lib_a-mprec.o)
                                         0x6f (size before relaxing)
 *fill*         0x000000000000c5af        0x1 
 .rodata.__mprec_bigtens
                0x000000000000c5b0       0x28 d:/online_emb_diploma/installations/xpack-arm-none-eabi-gcc-10.2.1-1.1-win32-x64/xpack-arm-none-eabi-gcc-10.2.1-1.1/bin/../lib/gcc/arm-none-eabi/10.2.1/../../../../arm-none-eabi/lib/thumb/v7e-m+fp/hard\libg.a(lib_a-mprec.o)
                0x000000000000c5b0                __mprec_bigtens
 .rodata.__mprec_tens
                0x000000000000c5d8       0xc8 d:/online_emb_diploma/installations/xpack-arm-none-eabi-gcc-10.2.1-1.1-win32-x64/xpack-arm-none-eabi-gcc-10.2.1-1.1/bin/../lib/gcc/arm-none-eabi/10.2.1/../../../../arm-none-eabi/lib/thumb/v7e-m+fp/hard\libg.a(lib_a-mprec.o)
                0x000000000000c5d8                __mprec_tens
 .rodata.p05.0  0x000000000000c6a0        0xc d:/online_emb_diploma/installations/xpack-arm-none-eabi-gcc-10.2.1-1.1-win32-x64/xpack-arm-none-eabi-gcc-10.2.1-1.1/bin/../lib/gcc/arm-none-eabi/10.2.1/../../../../arm-none-eabi/lib/thumb/v7e-m+fp/hard\libg.a(lib_a-mprec.o)
 .rodata.__assert_func.str1.4
                0x000000000000c6ac       0x3f d:/online_emb_diploma/installations/xpack-arm-none-eabi-gcc-10.2.1-1.1-win32-x64/xpack-arm-none-eabi-gcc-10.2.1-1.1/bin/../lib/gcc/arm-none-eabi/10.2.1/../../../../arm-none-eabi/lib/thumb/v7e-m+fp/hard\libg.a(lib_a-assert.o)
                                         0x43 (size before relaxing)
 *fill*         0x000000000000c6eb        0x1 
 .rodata._ctype_
                0x000000000000c6ec      0x101 d:/online_emb_diploma/installations/xpack-arm-none-eabi-gcc-10.2.1-1.1-win32-x64/xpack-arm-none-eabi-gcc-10.2.1-1.1/bin/../lib/gcc/arm-none-eabi/10.2.1/../../../../arm-none-eabi/lib/thumb/v7e-m+fp/hard\libg.a(lib_a-ctype_.o)
                0x000000000000c6ec                _ctype_
 *fill*         0x000000000000c7ed        0x3 
 .rodata._vfiprintf_r.str1.4
                0x000000000000c7f0       0x2f d:/online_emb_diploma/installations/xpack-arm-none-eabi-gcc-10.2.1-1.1-win32-x64/xpack-arm-none-eabi-gcc-10.2.1-1.1/bin/../lib/gcc/arm-none-eabi/10.2.1/../../../../arm-none-eabi/lib/thumb/v7e-m+fp/hard\libg.a(lib_a-vfiprintf.o)
 *fill*         0x000000000000c81f        0x1 
 .rodata.blanks.1
                0x000000000000c820       0x10 d:/online_emb_diploma/installations/xpack-arm-none-eabi-gcc-10.2.1-1.1-win32-x64/xpack-arm-none-eabi-gcc-10.2.1-1.1/bin/../lib/gcc/arm-none-eabi/10.2.1/../../../../arm-none-eabi/lib/thumb/v7e-m+fp/hard\libg.a(lib_a-vfiprintf.o)
 .rodata.zeroes.0
                0x000000000000c830       0x10 d:/online_emb_diploma/installations/xpack-arm-none-eabi-gcc-10.2.1-1.1-win32-x64/xpack-arm-none-eabi-gcc-10.2.1-1.1/bin/../lib/gcc/arm-none-eabi/10.2.1/../../../../arm-none-eabi/lib/thumb/v7e-m+fp/hard\libg.a(lib_a-vfiprintf.o)

.eh_frame       0x000000000000c840        0x0
 .eh_frame      0x000000000000c840        0x0 d:/online_emb_diploma/installations/xpack-arm-none-eabi-gcc-10.2.1-1.1-win32-x64/xpack-arm-none-eabi-gcc-10.2.1-1.1/bin/../lib/gcc/arm-none-eabi/10.2.1/thumb/v7e-m+fp/hard/crtbegin.o

.data           0x0000000020000000      0xbc4 load address 0x000000000000c840
                0x000000000000c840                __data_load__ = LOADADDR (.data)
                0x0000000020000000                __data_start__ = .
 *(.data)
 *(.data*)
 .data.test     0x0000000020000000        0x5 ./SIM800.o
                0x0000000020000000                test
 *fill*         0x0000000020000005        0x3 
 .data.SetCToGPRS
                0x0000000020000008       0x20 ./SIM800.o
                0x0000000020000008                SetCToGPRS
 .data.SetAPNCfg
                0x0000000020000028       0x38 ./SIM800.o
                0x0000000020000028                SetAPNCfg
 .data.ActGPRS  0x0000000020000060        0xf ./SIM800.o
                0x0000000020000060                ActGPRS
 *fill*         0x000000002000006f        0x1 
 .data.InitHTTP
                0x0000000020000070        0xe ./SIM800.o
                0x0000000020000070                InitHTTP
 *fill*         0x000000002000007e        0x2 
 .data.EnableHTTPS
                0x0000000020000080        0xf ./SIM800.o
                0x0000000020000080                EnableHTTPS
 *fill*         0x000000002000008f        0x1 
 .data.SetCIDPAR
                0x0000000020000090       0x16 ./SIM800.o
                0x0000000020000090                SetCIDPAR
 *fill*         0x00000000200000a6        0x2 
 .data.HTTPRequest
                0x00000000200000a8       0x88 ./SIM800.o
                0x00000000200000a8                HTTPRequest
 .data.TERMINATEHTTP
                0x0000000020000130        0xe ./SIM800.o
                0x0000000020000130                TERMINATEHTTP
 *fill*         0x000000002000013e        0x2 
 .data.SetURL   0x0000000020000140       0x9b ./SIM800.o
                0x0000000020000140                SetURL
 .data.CMovementStatus
                0x00000000200001db        0x1 ./main.o
                0x00000000200001db                CMovementStatus
 .data.PMovementStatus
                0x00000000200001dc        0x1 ./main.o
                0x00000000200001dc                PMovementStatus
 *fill*         0x00000000200001dd        0x3 
 .data.Longitude
                0x00000000200001e0        0xc ./main.o
                0x00000000200001e0                Longitude
 .data.Latitude
                0x00000000200001ec        0xc ./main.o
                0x00000000200001ec                Latitude
 .data.Commands
                0x00000000200001f8       0x14 ./main.o
                0x00000000200001f8                Commands
 .data.uxTopUsedPriority
                0x000000002000020c        0x4 ./FreeRTOS/Source/tasks.o
                0x000000002000020c                uxTopUsedPriority
 .data.uxCriticalNesting
                0x0000000020000210        0x4 ./FreeRTOS/Source/portable/GCC/ARM_CM4F/port.o
 .data._impure_ptr
                0x0000000020000214        0x4 d:/online_emb_diploma/installations/xpack-arm-none-eabi-gcc-10.2.1-1.1-win32-x64/xpack-arm-none-eabi-gcc-10.2.1-1.1/bin/../lib/gcc/arm-none-eabi/10.2.1/../../../../arm-none-eabi/lib/thumb/v7e-m+fp/hard\libg.a(lib_a-impure.o)
                0x0000000020000214                _impure_ptr
 .data.impure_data
                0x0000000020000218      0x428 d:/online_emb_diploma/installations/xpack-arm-none-eabi-gcc-10.2.1-1.1-win32-x64/xpack-arm-none-eabi-gcc-10.2.1-1.1/bin/../lib/gcc/arm-none-eabi/10.2.1/../../../../arm-none-eabi/lib/thumb/v7e-m+fp/hard\libg.a(lib_a-impure.o)
 .data.__atexit_recursive_mutex
                0x0000000020000640        0x4 d:/online_emb_diploma/installations/xpack-arm-none-eabi-gcc-10.2.1-1.1-win32-x64/xpack-arm-none-eabi-gcc-10.2.1-1.1/bin/../lib/gcc/arm-none-eabi/10.2.1/../../../../arm-none-eabi/lib/thumb/v7e-m+fp/hard\libg.a(lib_a-__call_atexit.o)
                0x0000000020000640                __atexit_recursive_mutex
 .data.numempty
                0x0000000020000644        0x2 d:/online_emb_diploma/installations/xpack-arm-none-eabi-gcc-10.2.1-1.1-win32-x64/xpack-arm-none-eabi-gcc-10.2.1-1.1/bin/../lib/gcc/arm-none-eabi/10.2.1/../../../../arm-none-eabi/lib/thumb/v7e-m+fp/hard\libg.a(lib_a-lnumeric.o)
 *fill*         0x0000000020000646        0x2 
 .data.__global_locale
                0x0000000020000648      0x16c d:/online_emb_diploma/installations/xpack-arm-none-eabi-gcc-10.2.1-1.1-win32-x64/xpack-arm-none-eabi-gcc-10.2.1-1.1/bin/../lib/gcc/arm-none-eabi/10.2.1/../../../../arm-none-eabi/lib/thumb/v7e-m+fp/hard\libg.a(lib_a-locale.o)
                0x0000000020000648                __global_locale
 .data.__malloc_av_
                0x00000000200007b4      0x408 d:/online_emb_diploma/installations/xpack-arm-none-eabi-gcc-10.2.1-1.1-win32-x64/xpack-arm-none-eabi-gcc-10.2.1-1.1/bin/../lib/gcc/arm-none-eabi/10.2.1/../../../../arm-none-eabi/lib/thumb/v7e-m+fp/hard\libg.a(lib_a-mallocr.o)
                0x00000000200007b4                __malloc_av_
 .data.__malloc_sbrk_base
                0x0000000020000bbc        0x4 d:/online_emb_diploma/installations/xpack-arm-none-eabi-gcc-10.2.1-1.1-win32-x64/xpack-arm-none-eabi-gcc-10.2.1-1.1/bin/../lib/gcc/arm-none-eabi/10.2.1/../../../../arm-none-eabi/lib/thumb/v7e-m+fp/hard\libg.a(lib_a-mallocr.o)
                0x0000000020000bbc                __malloc_sbrk_base
 .data.__malloc_trim_threshold
                0x0000000020000bc0        0x4 d:/online_emb_diploma/installations/xpack-arm-none-eabi-gcc-10.2.1-1.1-win32-x64/xpack-arm-none-eabi-gcc-10.2.1-1.1/bin/../lib/gcc/arm-none-eabi/10.2.1/../../../../arm-none-eabi/lib/thumb/v7e-m+fp/hard\libg.a(lib_a-mallocr.o)
                0x0000000020000bc0                __malloc_trim_threshold
                0x0000000020000bc4                . = ALIGN (0x4)
                0x0000000020000bc4                __data_end__ = .

.igot.plt       0x0000000020000bc4        0x0 load address 0x000000000000d404
 .igot.plt      0x0000000020000bc4        0x0 d:/online_emb_diploma/installations/xpack-arm-none-eabi-gcc-10.2.1-1.1-win32-x64/xpack-arm-none-eabi-gcc-10.2.1-1.1/bin/../lib/gcc/arm-none-eabi/10.2.1/thumb/v7e-m+fp/hard/crtbegin.o

.ARM.exidx      0x000000000000d404      0x288
                0x000000000000d404                __exidx_start = .
 *(.ARM.exidx* .gnu.linkonce.armexidx.*)
 .ARM.exidx.text.atof
                0x000000000000d404        0x8 d:/online_emb_diploma/installations/xpack-arm-none-eabi-gcc-10.2.1-1.1-win32-x64/xpack-arm-none-eabi-gcc-10.2.1-1.1/bin/../lib/gcc/arm-none-eabi/10.2.1/../../../../arm-none-eabi/lib/thumb/v7e-m+fp/hard\libg.a(lib_a-atof.o)
 .ARM.exidx.text.memset
                0x000000000000d40c        0x0 d:/online_emb_diploma/installations/xpack-arm-none-eabi-gcc-10.2.1-1.1-win32-x64/xpack-arm-none-eabi-gcc-10.2.1-1.1/bin/../lib/gcc/arm-none-eabi/10.2.1/../../../../arm-none-eabi/lib/thumb/v7e-m+fp/hard\libg.a(lib_a-memset.o)
                                          0x8 (size before relaxing)
 .ARM.exidx.text.strcat
                0x000000000000d40c        0x8 d:/online_emb_diploma/installations/xpack-arm-none-eabi-gcc-10.2.1-1.1-win32-x64/xpack-arm-none-eabi-gcc-10.2.1-1.1/bin/../lib/gcc/arm-none-eabi/10.2.1/../../../../arm-none-eabi/lib/thumb/v7e-m+fp/hard\libg.a(lib_a-strcat.o)
 .ARM.exidx.text.strcpy
                0x000000000000d414        0x8 d:/online_emb_diploma/installations/xpack-arm-none-eabi-gcc-10.2.1-1.1-win32-x64/xpack-arm-none-eabi-gcc-10.2.1-1.1/bin/../lib/gcc/arm-none-eabi/10.2.1/../../../../arm-none-eabi/lib/thumb/v7e-m+fp/hard\libg.a(lib_a-strcpy.o)
 .ARM.exidx.text.two_way_long_needle
                0x000000000000d41c        0x8 d:/online_emb_diploma/installations/xpack-arm-none-eabi-gcc-10.2.1-1.1-win32-x64/xpack-arm-none-eabi-gcc-10.2.1-1.1/bin/../lib/gcc/arm-none-eabi/10.2.1/../../../../arm-none-eabi/lib/thumb/v7e-m+fp/hard\libg.a(lib_a-strstr.o)
 .ARM.exidx.text.strstr
                0x000000000000d424        0x8 d:/online_emb_diploma/installations/xpack-arm-none-eabi-gcc-10.2.1-1.1-win32-x64/xpack-arm-none-eabi-gcc-10.2.1-1.1/bin/../lib/gcc/arm-none-eabi/10.2.1/../../../../arm-none-eabi/lib/thumb/v7e-m+fp/hard\libg.a(lib_a-strstr.o)
 .ARM.exidx.text._strtod_l
                0x000000000000d42c        0x8 d:/online_emb_diploma/installations/xpack-arm-none-eabi-gcc-10.2.1-1.1-win32-x64/xpack-arm-none-eabi-gcc-10.2.1-1.1/bin/../lib/gcc/arm-none-eabi/10.2.1/../../../../arm-none-eabi/lib/thumb/v7e-m+fp/hard\libg.a(lib_a-strtod.o)
 .ARM.exidx.text.strtod
                0x000000000000d434        0x8 d:/online_emb_diploma/installations/xpack-arm-none-eabi-gcc-10.2.1-1.1-win32-x64/xpack-arm-none-eabi-gcc-10.2.1-1.1/bin/../lib/gcc/arm-none-eabi/10.2.1/../../../../arm-none-eabi/lib/thumb/v7e-m+fp/hard\libg.a(lib_a-strtod.o)
 .ARM.exidx.text.strtok
                0x000000000000d43c        0x0 d:/online_emb_diploma/installations/xpack-arm-none-eabi-gcc-10.2.1-1.1-win32-x64/xpack-arm-none-eabi-gcc-10.2.1-1.1/bin/../lib/gcc/arm-none-eabi/10.2.1/../../../../arm-none-eabi/lib/thumb/v7e-m+fp/hard\libg.a(lib_a-strtok.o)
                                          0x8 (size before relaxing)
 .ARM.exidx.text.__strtok_r
                0x000000000000d43c        0x0 d:/online_emb_diploma/installations/xpack-arm-none-eabi-gcc-10.2.1-1.1-win32-x64/xpack-arm-none-eabi-gcc-10.2.1-1.1/bin/../lib/gcc/arm-none-eabi/10.2.1/../../../../arm-none-eabi/lib/thumb/v7e-m+fp/hard\libg.a(lib_a-strtok_r.o)
                                          0x8 (size before relaxing)
 .ARM.exidx.text.startup.register_fini
                0x000000000000d43c        0x0 d:/online_emb_diploma/installations/xpack-arm-none-eabi-gcc-10.2.1-1.1-win32-x64/xpack-arm-none-eabi-gcc-10.2.1-1.1/bin/../lib/gcc/arm-none-eabi/10.2.1/../../../../arm-none-eabi/lib/thumb/v7e-m+fp/hard\libg.a(lib_a-__call_atexit.o)
                                          0x8 (size before relaxing)
 .ARM.exidx.text.__libc_fini_array
                0x000000000000d43c        0x8 d:/online_emb_diploma/installations/xpack-arm-none-eabi-gcc-10.2.1-1.1-win32-x64/xpack-arm-none-eabi-gcc-10.2.1-1.1/bin/../lib/gcc/arm-none-eabi/10.2.1/../../../../arm-none-eabi/lib/thumb/v7e-m+fp/hard\libg.a(lib_a-fini.o)
 .ARM.exidx.text.rshift
                0x000000000000d444        0x8 d:/online_emb_diploma/installations/xpack-arm-none-eabi-gcc-10.2.1-1.1-win32-x64/xpack-arm-none-eabi-gcc-10.2.1-1.1/bin/../lib/gcc/arm-none-eabi/10.2.1/../../../../arm-none-eabi/lib/thumb/v7e-m+fp/hard\libg.a(lib_a-gdtoa-gethex.o)
 .ARM.exidx.text.__gethex
                0x000000000000d44c        0x8 d:/online_emb_diploma/installations/xpack-arm-none-eabi-gcc-10.2.1-1.1-win32-x64/xpack-arm-none-eabi-gcc-10.2.1-1.1/bin/../lib/gcc/arm-none-eabi/10.2.1/../../../../arm-none-eabi/lib/thumb/v7e-m+fp/hard\libg.a(lib_a-gdtoa-gethex.o)
 .ARM.exidx.text.__match
                0x000000000000d454        0x8 d:/online_emb_diploma/installations/xpack-arm-none-eabi-gcc-10.2.1-1.1-win32-x64/xpack-arm-none-eabi-gcc-10.2.1-1.1/bin/../lib/gcc/arm-none-eabi/10.2.1/../../../../arm-none-eabi/lib/thumb/v7e-m+fp/hard\libg.a(lib_a-gdtoa-hexnan.o)
 .ARM.exidx.text.__hexnan
                0x000000000000d45c        0x0 d:/online_emb_diploma/installations/xpack-arm-none-eabi-gcc-10.2.1-1.1-win32-x64/xpack-arm-none-eabi-gcc-10.2.1-1.1/bin/../lib/gcc/arm-none-eabi/10.2.1/../../../../arm-none-eabi/lib/thumb/v7e-m+fp/hard\libg.a(lib_a-gdtoa-hexnan.o)